/*---------------------------------------------------------------------------*\
|       o        |                                                            |
|    o     o     |  HELYX (R) : Open-source CFD for Enterprise                |
|   o   O   o    |  Version : 4.4.1                                           |
|    o     o     |  ENGYS Ltd. <http://engys.com/>                            |
|       o        |                                                            |
\*---------------------------------------------------------------------------*/
Build  : 4.4.1-unknown
API    : 4.4.1
Arch   : "LSB;label=32;scalar=64"
Exec   : blockMesh
Date   : Jan 15 2026
Time   : 18:06:11
Host   : "tb133-VirtualBox"
PID    : 11075
I/O    : uncollated
Case   : /home/introcfd/Desktop/estudioAutomatizacionPerfiles/aleronTraseroV1
nProcs : 1
sigFpe : Enabling floating point exception trapping (HELYX_SIGFPE).
fileModificationChecking : Monitoring run-time modified files using timeStampMaster (fileModificationSkew 10)
allowSystemOperations : Allowing user-supplied system call operations

// * * * * * * * * * * * * * * * * * * * * * * * * * * * * * * * * * * * * * //
Create time

Creating block mesh from
    "system/blockMeshDict"
Creating block edges
No non-planar block faces defined
Creating topology blocks
Creating topology patches

Reading patches section

Creating block mesh topology

Reading physicalType from existing boundary file

Default patch type set to empty

Check topology

	Basic statistics
		Number of internal faces : 0
		Number of boundary faces : 6
		Number of defined boundary faces : 6
		Number of undefined boundary faces : 0
	Checking patch -> block consistency

Creating block offsets
Creating merge list .

Creating polyMesh from blockMesh
Creating patches
Creating cells
Creating points with scale 1
    Block 0 cell size :
        i : 0.475 .. 0.475
        j : 0.4 .. 0.4
        k : 0.8 .. 0.8


Writing polyMesh with 0 cellZones
----------------
Mesh Information
----------------
  boundingBox: ( -4 0 -8 ) ( 15 0.4 8 )
  nPoints: 1722
  nCells: 800
  nFaces: 3260
  nInternalFaces: 1540
----------------
Patches
----------------
  patch 0 (start: 1540 size: 20) name: Inlet
  patch 1 (start: 1560 size: 20) name: Outlet
  patch 2 (start: 1580 size: 800) name: Back
  patch 3 (start: 2380 size: 800) name: Front
  patch 4 (start: 3180 size: 40) name: Bottom
  patch 5 (start: 3220 size: 40) name: Top

End


--- INICIO COMANDO: blockMesh ---
/*---------------------------------------------------------------------------*\
|       o        |                                                            |
|    o     o     |  HELYX (R) : Open-source CFD for Enterprise                |
|   o   O   o    |  Version : 4.4.1                                           |
|    o     o     |  ENGYS Ltd. <http://engys.com/>                            |
|       o        |                                                            |
\*---------------------------------------------------------------------------*/
Build  : 4.4.1-unknown
API    : 4.4.1
Arch   : "LSB;label=32;scalar=64"
Exec   : decomposePar
Date   : Jan 15 2026
Time   : 18:06:11
Host   : "tb133-VirtualBox"
PID    : 11077
I/O    : uncollated
Case   : /home/introcfd/Desktop/estudioAutomatizacionPerfiles/aleronTraseroV1
nProcs : 1
sigFpe : Enabling floating point exception trapping (HELYX_SIGFPE).
fileModificationChecking : Monitoring run-time modified files using timeStampMaster (fileModificationSkew 10)
allowSystemOperations : Allowing user-supplied system call operations

// * * * * * * * * * * * * * * * * * * * * * * * * * * * * * * * * * * * * * //
Create time



Decomposing mesh region0

Create mesh

Calculating distribution of cells
Selecting decompositionMethod hierarchical

Finished decomposition in 0 s

Calculating original mesh data

Distributing cells to processors

Distributing faces to processors

Distributing points to processors

Constructing processor meshes

Processor 0
    Number of cells = 200
    Number of faces shared with processor 1 = 20
    Number of processor patches = 1
    Number of processor faces = 20
    Number of boundary faces = 440

Processor 1
    Number of cells = 200
    Number of faces shared with processor 0 = 20
    Number of faces shared with processor 2 = 20
    Number of processor patches = 2
    Number of processor faces = 40
    Number of boundary faces = 420

Processor 2
    Number of cells = 200
    Number of faces shared with processor 1 = 20
    Number of faces shared with processor 3 = 20
    Number of processor patches = 2
    Number of processor faces = 40
    Number of boundary faces = 420

Processor 3
    Number of cells = 200
    Number of faces shared with processor 2 = 20
    Number of processor patches = 1
    Number of processor faces = 20
    Number of boundary faces = 440

Number of processor faces = 60
Max number of cells = 200 (0% above average 200)
Max number of processor patches = 2 (33.33333333% above average 1.5)
Max number of faces between processors = 40 (33.33333333% above average 30)

Time = 0

Processor 0: field transfer
Processor 1: field transfer
Processor 2: field transfer
Processor 3: field transfer

End


--- INICIO COMANDO: decomposePar ---
/*---------------------------------------------------------------------------*\
|       o        |                                                            |
|    o     o     |  HELYX (R) : Open-source CFD for Enterprise                |
|   o   O   o    |  Version : 4.4.1                                           |
|    o     o     |  ENGYS Ltd. <http://engys.com/>                            |
|       o        |                                                            |
\*---------------------------------------------------------------------------*/
Build  : 4.4.1-unknown
API    : 4.4.1
Arch   : "LSB;label=32;scalar=64"
Exec   : helyxHexMesh -parallel -overwrite
Date   : Jan 15 2026
Time   : 18:06:11
Host   : "tb133-VirtualBox"
PID    : 11083
I/O    : uncollated
Case   : /home/introcfd/Desktop/estudioAutomatizacionPerfiles/aleronTraseroV1
nProcs : 4
Slaves : 
3
(
"tb133-VirtualBox.11084"
"tb133-VirtualBox.11085"
"tb133-VirtualBox.11086"
)

Pstream initialized with:
    floatTransfer      : 0
    nProcsSimpleSum    : 0
    commsType          : nonBlocking
    polling iterations : 0
sigFpe : Enabling floating point exception trapping (HELYX_SIGFPE).
fileModificationChecking : Monitoring run-time modified files using timeStampMaster (fileModificationSkew 10)
allowSystemOperations : Allowing user-supplied system call operations

// * * * * * * * * * * * * * * * * * * * * * * * * * * * * * * * * * * * * * //
Creating "system/fvSchemes"
Creating "system/fvSolution"
Create time

Generating mesh region : region0

Using meshing algorithm: standard

Using meshing method: quality

Using block method: block

Selecting decompositionMethod hierarchical
Creating block edges
No non-planar block faces defined
Creating topology blocks
Creating topology patches

Reading patches section

Creating block mesh topology

Check topology

	Basic statistics
		Number of internal faces : 0
		Number of boundary faces : 6
		Number of defined boundary faces : 6
		Number of undefined boundary faces : 0
	Checking patch -> block consistency

Creating block offsets
Creating merge list .
Creating patches
Creating cells
Creating points with scale 1
    Block 0 cell size :
        i : 0.475 .. 0.475
        j : 0.4 .. 0.4
        k : 0.8 .. 0.8


Overall mesh bounding box  : ( -4 0 -8 ) ( 15 0.4 8 )
Relative tolerance         : 1e-06
Absolute matching distance : 2.484270517e-05


Reading geometry: VR1.stl

Reading geometry: VR2.stl

Reading geometry: VR3.stl

Reading geometry: VR4.stl

Reading geometry: VR5.stl

Reading geometry: e423_0.stl
Read refinement surfaces in = 0.04 s


Overall mesh bounding box  : ( -4 0 -8 ) ( 15 0.4 8 )
Relative tolerance         : 1e-06
Absolute matching distance : 2.484270517e-05

Creating refinement features.
Reading external feature lines.
Calculated refinement features in = 0 s
Reading refinement shells.
Refinement level ( 5 5 5 ) for all cells inside VR1.stl
Refinement level ( 4 4 4 ) for all cells inside VR2.stl
Refinement level ( 3 3 3 ) for all cells inside VR3.stl
Refinement level ( 2 2 2 ) for all cells inside VR4.stl
Refinement level ( 1 1 1 ) for all cells inside VR5.stl
Refinement level according to distance to e423_0.stl
    level ( 7 7 7 ) for all cells within (( 0.1 0.1 0.1 ) ( 0.1 0.1 0.1 )) metre.
Read refinement shells in = 0 s

Setting refinement level of surface to be consistent with shells.
Caching minimum level field
For geometry e423_0.stl detected 0 uncached triangles out of 1624
Checked shell refinement in = 0.01 s


Determining initial surface intersections
-----------------------------------------

Edge intersection testing:
    Number of edges             : 3260
    Number of edges to retest   : 3260
    Number of intersected edges : 1
Calculated surface intersections in = 0 s

Initial mesh : cells:800  faces:3260  points:1722
Cells per refinement level:
    0	800

Adding patches for surface regions
----------------------------------

Patch Type                Region                        
----- ----                ------                        
e423_0:

6     wall                e423_0                        

Added patches in = 0 s

Edge intersection testing:
    Number of edges             : 3260
    Number of edges to retest   : 0
    Number of intersected edges : 1

Snap parameters
---------------


Refinement phase
----------------


Initial refinement iteration 0
------------------------------

Marked for refinement due to surface bounding box seeding  : 6 cells.
Determined cells to refine in = 0 s
Selected for initial refinement : 6 cells (out of 800)
Edge intersection testing:
    Number of edges             : 3419
    Number of edges to retest   : 232
    Number of intersected edges : 4
Refined mesh in = 0 s
After refinement Initial refinement iteration 0 : cells:842  faces:3419  points:1803
Cells per refinement level:
    0	794
    1	48
Balanced mesh in = 0.01 s

Initial refinement iteration 1
------------------------------

Marked for refinement due to surface bounding box seeding  : 0 cells.
Determined cells to refine in = 0 s
Selected for initial refinement : 0 cells (out of 842)
Stopping refining since too few cells selected.


Feature refinement iteration 0
------------------------------

Number of feature lines: 11
Number of feature points: 826
Marked for refinement due to explicit features             : 0 cells.
Determined cells to refine in = 0 s
Selected for feature refinement : 0 cells (out of 842)
Stopping refining since too few cells selected.


Surface refinement iteration 0
------------------------------

Marked for refinement due to surface intersection          : 8 cells.
Determined cells to refine in = 0 s
Selected for refinement : 8 cells (out of 842)
Edge intersection testing:
    Number of edges             : 3623
    Number of edges to retest   : 304
    Number of intersected edges : 12
Refined mesh in = 0.01 s
After refinement surface refinement iteration 0 : cells:898  faces:3623  points:1901
Cells per refinement level:
    0	794
    1	40
    2	64
Skipping balancing since max unbalance 0.06458797327 is less than allowable 0.1

Surface refinement iteration 1
------------------------------

Marked for refinement due to surface intersection          : 24 cells.
Determined cells to refine in = 0 s
Selected for refinement : 28 cells (out of 898)
Edge intersection testing:
    Number of edges             : 4301
    Number of edges to retest   : 942
    Number of intersected edges : 96
Refined mesh in = 0 s
After refinement surface refinement iteration 1 : cells:1094  faces:4301  points:2197
Cells per refinement level:
    0	794
    1	36
    2	72
    3	192
Balanced mesh in = 0.01 s

Surface refinement iteration 2
------------------------------

Marked for refinement due to surface intersection          : 132 cells.
Determined cells to refine in = 0 s
Selected for refinement : 161 cells (out of 1094)
Edge intersection testing:
    Number of edges             : 8036
    Number of edges to retest   : 4716
    Number of intersected edges : 392
Refined mesh in = 0 s
After refinement surface refinement iteration 2 : cells:2221  faces:8036  points:3702
Cells per refinement level:
    0	791
    1	54
    2	96
    3	256
    4	1024
Balanced mesh in = 0.01 s

Surface refinement iteration 3
------------------------------

Marked for refinement due to surface intersection          : 560 cells.
Determined cells to refine in = 0 s
Selected for refinement : 591 cells (out of 2221)
Edge intersection testing:
    Number of edges             : 21341
    Number of edges to retest   : 17019
    Number of intersected edges : 1680
Refined mesh in = 0.02 s
After refinement surface refinement iteration 3 : cells:6358  faces:21341  points:8766
Cells per refinement level:
    0	790
    1	60
    2	108
    3	248
    4	800
    5	4352
Balanced mesh in = 0.02 s

Surface refinement iteration 4
------------------------------

Marked for refinement due to surface intersection          : 2560 cells.
Determined cells to refine in = 0 s
Selected for refinement : 2692 cells (out of 6358)
Edge intersection testing:
    Number of edges             : 81272
    Number of edges to retest   : 74604
    Number of intersected edges : 6880
Refined mesh in = 0.07 s
After refinement surface refinement iteration 4 : cells:25202  faces:81272  points:31078
Cells per refinement level:
    0	790
    1	56
    2	132
    3	288
    4	832
    5	3136
    6	19968
Balanced mesh in = 0.06 s

Surface refinement iteration 5
------------------------------

Marked for refinement due to surface intersection          : 11680 cells.
Determined cells to refine in = 0.01 s
Selected for refinement : 12478 cells (out of 25202)
Edge intersection testing:
    Number of edges             : 361430
    Number of edges to retest   : 348780
    Number of intersected edges : 28160
Refined mesh in = 0.29 s
After refinement surface refinement iteration 5 : cells:112548  faces:361430  points:136637
Cells per refinement level:
    0	790
    1	54
    2	144
    3	312
    4	816
    5	2848
    6	15936
    7	91648
Balanced mesh in = 0.2 s

Surface refinement iteration 6
------------------------------

Marked for refinement due to surface intersection          : 1376 cells.
Determined cells to refine in = 0.01 s
Selected for refinement : 1504 cells (out of 112548)
Edge intersection testing:
    Number of edges             : 395159
    Number of edges to retest   : 49873
    Number of intersected edges : 30848
Refined mesh in = 0.24 s
After refinement surface refinement iteration 6 : cells:123076  faces:395159  points:149258
Cells per refinement level:
    0	790
    1	54
    2	144
    3	312
    4	784
    5	2976
    6	15616
    7	102400
Balanced mesh in = 0.24 s

Surface refinement iteration 7
------------------------------

Marked for refinement due to surface intersection          : 64 cells.
Determined cells to refine in = 0 s
Selected for refinement : 64 cells (out of 123076)
Stopping refining since too few cells selected.


Proximity refinement iteration 0
------------------------------

Marked for refinement due to surface proximity : 0 cells.
Determined cells to refine in = 0 s
Selected for refinement : 0 cells (out of 123076)
Stopping refining since too few cells selected.


Removing mesh beyond surface intersections
------------------------------------------

Setting cellZones according to locationsInMesh:
Location : ( 0 0.2 0.4 )
    cellZone : none

For cellZone none found point ( 0 0.2 0.4 ) in global region 0 out of 3 regions.
Keeping all cells containing points 1(( 0 0.2 0.4 ))
Selected for keeping : 102340 cells.
Edge intersection testing:
    Number of edges             : 338203
    Number of edges to retest   : 24320
    Number of intersected edges : 30848

Shell refinement iteration 0
----------------------------

Marked for refinement due to distance to explicit features : 0 cells.
Marked for refinement due to refinement shells             : 16996 cells.
Determined cells to refine in = 0.32 s
Selected for internal refinement : 16996 cells (out of 102340)
Edge intersection testing:
    Number of edges             : 699946
    Number of edges to retest   : 538085
    Number of intersected edges : 30848
Refined mesh in = 0.32 s
After refinement coarse cell refinement iteration 0 : cells:221312  faces:699946  points:257705
Cells per refinement level:
    0	352
    1	3504
    2	432
    3	1152
    4	2496
    5	6272
    6	23808
    7	183296
Balanced mesh in = 0.42 s

Shell refinement iteration 1
----------------------------

Marked for refinement due to distance to explicit features : 0 cells.
Marked for refinement due to refinement shells             : 33924 cells.
Determined cells to refine in = 0.34 s
Selected for internal refinement : 34184 cells (out of 221312)
Edge intersection testing:
    Number of edges             : 1427893
    Number of edges to retest   : 979235
    Number of intersected edges : 30848
Refined mesh in = 0.55 s
After refinement coarse cell refinement iteration 1 : cells:460600  faces:1427893  points:507191
Cells per refinement level:
    0	352
    1	1340
    2	17312
    3	3456
    4	9216
    5	22108
    6	33056
    7	373760
Balanced mesh in = 0.84 s

Shell refinement iteration 2
----------------------------

Marked for refinement due to distance to explicit features : 0 cells.
Marked for refinement due to refinement shells             : 52064 cells.
Determined cells to refine in = 0.73 s
Selected for internal refinement : 53740 cells (out of 460600)
Edge intersection testing:
    Number of edges             : 2574157
    Number of edges to retest   : 1510047
    Number of intersected edges : 30848
Refined mesh in = 1.04 s
After refinement coarse cell refinement iteration 2 : cells:836780  faces:2574157  points:901247
Cells per refinement level:
    0	352
    1	1340
    2	8224
    3	72704
    4	27648
    5	93488
    6	22208
    7	610816
Balanced mesh in = 1.47 s

Shell refinement iteration 3
----------------------------

Marked for refinement due to distance to explicit features : 0 cells.
Marked for refinement due to refinement shells             : 58208 cells.
Determined cells to refine in = 1.05 s
Selected for internal refinement : 59344 cells (out of 836780)
Edge intersection testing:
    Number of edges             : 3841747
    Number of edges to retest   : 1608465
    Number of intersected edges : 30848
Refined mesh in = 1.84 s
After refinement coarse cell refinement iteration 3 : cells:1252188  faces:3841747  points:1338156
Cells per refinement level:
    0	352
    1	1340
    2	8224
    3	42272
    4	250112
    5	260288
    6	24512
    7	665088
Balanced mesh in = 2.08 s

Shell refinement iteration 4
----------------------------

Marked for refinement due to distance to explicit features : 0 cells.
Marked for refinement due to refinement shells             : 46560 cells.
Determined cells to refine in = 1.58 s
Selected for internal refinement : 47136 cells (out of 1252188)
Edge intersection testing:
    Number of edges             : 4843066
    Number of edges to retest   : 1220805
    Number of intersected edges : 30848
Refined mesh in = 1.86 s
After refinement coarse cell refinement iteration 4 : cells:1582140  faces:4843066  points:1679624
Cells per refinement level:
    0	352
    1	1340
    2	8224
    3	42272
    4	203616
    5	631680
    6	29056
    7	665600
Balanced mesh in = 2.52 s

Shell refinement iteration 5
----------------------------

Marked for refinement due to distance to explicit features : 0 cells.
Marked for refinement due to refinement shells             : 0 cells.
Determined cells to refine in = 1.91 s
Selected for internal refinement : 32 cells (out of 1582140)
Edge intersection testing:
    Number of edges             : 4843837
    Number of edges to retest   : 2249
    Number of intersected edges : 30848
Refined mesh in = 1.34 s
After refinement coarse cell refinement iteration 5 : cells:1582364  faces:4843837  points:1679948
Cells per refinement level:
    0	352
    1	1340
    2	8224
    3	42272
    4	203616
    5	631648
    6	29312
    7	665600
Skipping balancing since max unbalance 0.0007457196953 is less than allowable 0.1

Shell refinement iteration 6
----------------------------

Marked for refinement due to distance to explicit features : 0 cells.
Marked for refinement due to refinement shells             : 0 cells.
Determined cells to refine in = 2.12 s
Selected for internal refinement : 0 cells (out of 1582364)
Stopping refining since too few cells selected.


Dangling cells refinement iteration 0
-------------------------------------

Determined cells to refine in = 0.03 s
Selected for refinement : 0 cells (out of 1582364)

Splitting mesh at surface intersections
---------------------------------------

Introducing baffles for 30848 faces that are intersected by the surface.

Setting cellZones according to locationsInMesh:
Location : ( 0 0.2 0.4 )
    cellZone : none

For cellZone none found point ( 0 0.2 0.4 ) in global region 0 out of 3 regions.
Edge intersection testing:
    Number of edges             : 4874685
    Number of edges to retest   : 221477
    Number of intersected edges : 61696
Created baffles in = 1.38 s


After introducing baffles : cells:1582364  faces:4874685  points:1679948
Cells per refinement level:
    0	352
    1	1340
    2	8224
    3	42272
    4	203616
    5	631648
    6	29312
    7	665600

Introducing baffles to block off problem cells
----------------------------------------------

markFacesOnProblemCells : marked 50620 additional internal faces to be converted into baffles.
Analyzed problem cells in = 0.66 s


Introducing baffles to delete problem cells.

Edge intersection testing:
    Number of edges             : 4924921
    Number of edges to retest   : 154887
    Number of intersected edges : 61696
Created baffles in = 1.2 s


After introducing baffles : cells:1582364  faces:4924921  points:1680206
Cells per refinement level:
    0	352
    1	1340
    2	8224
    3	42272
    4	203616
    5	631648
    6	29312
    7	665600
Setting cellZones according to locationsInMesh:
Location : ( 0 0.2 0.4 )
    cellZone : none

For cellZone none found point ( 0 0.2 0.4 ) in global region 0 out of 25092 regions.
Edge intersection testing:
    Number of edges             : 4924921
    Number of edges to retest   : 115546
    Number of intersected edges : 61696

Remove unreachable sections of mesh
-----------------------------------

Keeping all cells containing points 1(( 0 0.2 0.4 ))
Selected for keeping : 1553692 cells.
Split mesh in = 2.2 s


After subsetting : cells:1553692  faces:4761053  points:1654019
Cells per refinement level:
    0	352
    1	1340
    2	8224
    3	42272
    4	203616
    5	631648
    6	29312
    7	636928

Introducing zones for interfaces
--------------------------------

Setting cellZones according to locationsInMesh:
Location : ( 0 0.2 0.4 )
    cellZone : none

For cellZone none found point ( 0 0.2 0.4 ) in global region 0 out of 1 regions.

Excluding small regions from zone
---------------------------------

Setting faceZones according to neighbouring cellZones:


Handling cells with snap problems
---------------------------------

Introducing baffles for 31232 faces that are intersected by the surface.

Setting cellZones according to locationsInMesh:
Location : ( 0 0.2 0.4 )
    cellZone : none

For cellZone none found point ( 0 0.2 0.4 ) in global region 0 out of 1 regions.
Edge intersection testing:
    Number of edges             : 4761053
    Number of edges to retest   : 115546
    Number of intersected edges : 31232
Created baffles in = 2.58 s


After introducing baffles : cells:1553692  faces:4761053  points:1654019
Cells per refinement level:
    0	352
    1	1340
    2	8224
    3	42272
    4	203616
    5	631648
    6	29312
    7	636928

Introducing baffles to block off problem cells
----------------------------------------------

markFacesOnProblemCells : marked 0 additional internal faces to be converted into baffles.
Analyzed problem cells in = 0.5 s


Introducing baffles to delete problem cells.

Created baffles in = 0.07 s


After introducing baffles : cells:1553692  faces:4761053  points:1654019
Cells per refinement level:
    0	352
    1	1340
    2	8224
    3	42272
    4	203616
    5	631648
    6	29312
    7	636928
Setting cellZones according to locationsInMesh:
Location : ( 0 0.2 0.4 )
    cellZone : none

For cellZone none found point ( 0 0.2 0.4 ) in global region 0 out of 1 regions.
Edge intersection testing:
    Number of edges             : 4761053
    Number of edges to retest   : 115546
    Number of intersected edges : 31232

Remove unreachable sections of mesh
-----------------------------------

Split mesh in = 1.41 s


After subsetting : cells:1553692  faces:4761053  points:1654019
Cells per refinement level:
    0	352
    1	1340
    2	8224
    3	42272
    4	203616
    5	631648
    6	29312
    7	636928

Merge free-standing baffles
---------------------------

freeStandingBaffles : detected 128 free-standing baffles out of 384

freeStandingBaffles : detected 0 planar (within -60 degrees) free-standing baffles out of 128

Detected free-standing baffles : 0
Merged free-standing baffles in = 0.13 s


Merging single couples
Merging 0 coupled faces
dupNonManifoldPoints : Found : 516 non-manifold points (out of 1676562)
Detected unsplittable baffles : 0

Merge refined boundary faces
----------------------------

Merging 0 sets of faces.

No faces merged ...

Merging all points on surface that
- are used by only two boundary faces and
- make an angle with a cosine of more than -1.

No straight edges simplified and no points removed ...

Doing final balancing
---------------------

Found 0 zoned faces to keep together.
Found 0 separated coupled faces to keep together.
dupNonManifoldPoints : Found : 0 non-manifold points (out of 1677099)
Mesh refined in = 38 s.
Total meshing time to this stage = 38 s.

Morphing phase
--------------

Duplicating 0 points on faceZones of type boundary
Checking initial mesh ...
Checking faces in error :
    non-orthogonality > 70  degrees                        : 0
    faces with face pyramid volume < 1e-16                 : 0
    faces with concavity > 80  degrees                     : 0
    faces with area < 1e-13 m^2                            : 0
    faces with skewness > 6   (internal) or 20  (boundary) : 0
    faces with interpolation weights (0..1)  < 0.08        : 0
    faces with volume ratio of neighbour cells < 0.02      : 0
    faces with face twist < 0.05                           : 0
    faces on cells with determinant < 0.0001               : 0
Detected 0 illegal faces (concave, zero area or negative cell pyramid volume)
Checked initial mesh in = 0.48 s


Smoothing patch points ...
Smoothing iteration 0
Found 1032 non-manifold point(s).

Scaling iteration 0
Moving mesh using displacement scaling : min:1  max:1
Checking faces in error :
    non-orthogonality > 70  degrees                        : 0
    faces with face pyramid volume < 1e-16                 : 0
    faces with concavity > 80  degrees                     : 0
    faces with area < 1e-13 m^2                            : 0
    faces with skewness > 6   (internal) or 20  (boundary) : 0
    faces with interpolation weights (0..1)  < 0.08        : 0
    faces with volume ratio of neighbour cells < 0.02      : 0
    faces with face twist < 0.05                           : 0
    faces on cells with determinant < 0.0001               : 0
Successfully moved mesh

Smoothing iteration 1
Found 0 non-manifold point(s).

Scaling iteration 0
Moving mesh using displacement scaling : min:1  max:1
Checking faces in error :
    non-orthogonality > 70  degrees                        : 0
    faces with face pyramid volume < 1e-16                 : 0
    faces with concavity > 80  degrees                     : 0
    faces with area < 1e-13 m^2                            : 0
    faces with skewness > 6   (internal) or 20  (boundary) : 0
    faces with interpolation weights (0..1)  < 0.08        : 0
    faces with volume ratio of neighbour cells < 0.02      : 0
    faces with face twist < 0.05                           : 0
    faces on cells with determinant < 0.0001               : 0
Successfully moved mesh

Patch points smoothed in = 1.85 s


Merging 2432 sets of faces.

Edge intersection testing:
    Number of edges             : 4758621
    Number of edges to retest   : 9747
    Number of intersected edges : 28800

Undo iteration 0
----------------
Checking faces in error :
    non-orthogonality > 70  degrees                        : 0
    faces with face pyramid volume < 1e-16                 : 0
    faces with concavity > 80  degrees                     : 0
    faces with area < 1e-13 m^2                            : 0
    faces with skewness > 6   (internal) or 20  (boundary) : 0
    faces with interpolation weights (0..1)  < 0.08        : 0
    faces with volume ratio of neighbour cells < 0.02      : 0
    faces with face twist < 0.05                           : 0
    faces on cells with determinant < 0.0001               : 0

Merging all points on surface that
- are used by only two boundary faces and
- make an angle with a cosine of more than -1.

Removing 2451 straight edge points ...

Edge intersection testing:
    Number of edges             : 4758621
    Number of edges to retest   : 9747
    Number of intersected edges : 28544

Undo iteration 0
----------------
Checking faces in error :
    non-orthogonality > 70  degrees                        : 0
    faces with face pyramid volume < 1e-16                 : 0
    faces with concavity > 80  degrees                     : 0
    faces with area < 1e-13 m^2                            : 0
    faces with skewness > 6   (internal) or 20  (boundary) : 0
    faces with interpolation weights (0..1)  < 0.08        : 0
    faces with volume ratio of neighbour cells < 0.02      : 0
    faces with face twist < 0.05                           : 0
    faces on cells with determinant < 0.0001               : 0
snappySnapDriver : Snap to Preserve Surface Features
Snapping iteration: 0
Snapping iteration: 10
Checking faces in error :
    non-orthogonality > 70  degrees                        : 0
    faces with face pyramid volume < 1e-16                 : 0
    faces with concavity > 80  degrees                     : 0
    faces with area < 1e-13 m^2                            : 0
    faces with skewness > 6   (internal) or 20  (boundary) : 0
    faces with interpolation weights (0..1)  < 0.08        : 0
    faces with volume ratio of neighbour cells < 0.02      : 0
    faces on cells with determinant < 0.0001               : 0
Snapping iteration: 20
Checking faces in error :
    non-orthogonality > 70  degrees                        : 0
    faces with face pyramid volume < 1e-16                 : 0
    faces with concavity > 80  degrees                     : 0
    faces with area < 1e-13 m^2                            : 0
    faces with skewness > 6   (internal) or 20  (boundary) : 0
    faces with interpolation weights (0..1)  < 0.08        : 0
    faces with volume ratio of neighbour cells < 0.02      : 0
    faces on cells with determinant < 0.0001               : 0
Snapping iteration: 30
Checking faces in error :
    non-orthogonality > 70  degrees                        : 0
    faces with face pyramid volume < 1e-16                 : 0
    faces with concavity > 80  degrees                     : 0
    faces with area < 1e-13 m^2                            : 0
    faces with skewness > 6   (internal) or 20  (boundary) : 0
    faces with interpolation weights (0..1)  < 0.08        : 0
    faces with volume ratio of neighbour cells < 0.02      : 0
    faces on cells with determinant < 0.0001               : 0
Snapping iteration: 40
Checking faces in error :
    non-orthogonality > 70  degrees                        : 0
    faces with face pyramid volume < 1e-16                 : 0
    faces with concavity > 80  degrees                     : 0
    faces with area < 1e-13 m^2                            : 0
    faces with skewness > 6   (internal) or 20  (boundary) : 0
    faces with interpolation weights (0..1)  < 0.08        : 0
    faces with volume ratio of neighbour cells < 0.02      : 0
    faces on cells with determinant < 0.0001               : 0
Snapping iteration: 50
Checking faces in error :
    non-orthogonality > 70  degrees                        : 0
    faces with face pyramid volume < 1e-16                 : 0
    faces with concavity > 80  degrees                     : 0
    faces with area < 1e-13 m^2                            : 0
    faces with skewness > 6   (internal) or 20  (boundary) : 0
    faces with interpolation weights (0..1)  < 0.08        : 0
    faces with volume ratio of neighbour cells < 0.02      : 0
    faces on cells with determinant < 0.0001               : 0
Snap to preserve surface features in 18.56s

snappyHexMeshDriver: Smoothing displaced mesh interior points ...
Finished smoothing displaced mesh in = 2.79 s.
Moving mesh ...

Iteration 0
Moving mesh using displacement scaling : min:1  max:1
Checking faces in error :
    non-orthogonality > 70  degrees                        : 0
    faces with face pyramid volume < 1e-16                 : 0
    faces with concavity > 80  degrees                     : 0
    faces with area < 1e-13 m^2                            : 0
    faces with skewness > 6   (internal) or 20  (boundary) : 0
    faces with interpolation weights (0..1)  < 0.08        : 0
    faces with volume ratio of neighbour cells < 0.02      : 0
    faces with face twist < 0.05                           : 0
    faces on cells with determinant < 0.0001               : 0
Successfully moved mesh
Moved mesh in = 0.69 s


Calculating patchDisplacement as distance to nearest surface point ...
Wanted displacement : average:9.712450651e-06 min:5.214806294e-10 max:0.0002556078798
Calculated surface displacement in = 0.14 s


--> HELYX Warning : Displacement ( 1.381762063e-07 -1.110223025e-16 7.353673279e-07 ) at mesh point 372936 coord ( 0.0961807085 0.3718749996 -0.007919425794 ) points through the surrounding patch faces
snappyHexMeshDriver: Smoothing displaced mesh interior points ...
Finished smoothing displaced mesh in = 2.59 s.
Moving mesh ...

Iteration 0
Moving mesh using displacement scaling : min:1  max:1
Checking faces in error :
    non-orthogonality > 70  degrees                        : 0
    faces with face pyramid volume < 1e-16                 : 0
    faces with concavity > 80  degrees                     : 0
    faces with area < 1e-13 m^2                            : 0
    faces with skewness > 6   (internal) or 20  (boundary) : 0
    faces with interpolation weights (0..1)  < 0.08        : 0
    faces with volume ratio of neighbour cells < 0.02      : 0
    faces with face twist < 0.05                           : 0
    faces on cells with determinant < 0.0001               : 0
Successfully moved mesh
Moved mesh in = 0.65 s



Checking faces are correctly patched
------------------------------------

Merging 0 sets of faces.

No faces merged ...

Merging all points on surface that
- are used by only two boundary faces and
- make an angle with a cosine of more than -1.

No straight edges simplified and no points removed ...
Preparing feature lines for direct snapping
-------------------------------------------

 Converting refinement feature meshes to feature lines

Feature lines prepared in 0s

Finding optimal points for direct feature snapping
--------------------------------------------------

 Building node chains
 Filtering out duplicates
  Before removing duplications: 2 chains
  After removing duplications : 1 chains
 Cleaning up results
Filtering 2 points.
Filtering 0 points.
Checking faces in error :
    non-orthogonality > 70  degrees                        : 0
    faces with face pyramid volume < 1e-16                 : 0
    faces with concavity > 80  degrees                     : 0
    faces with area < 1e-13 m^2                            : 0
    faces with skewness > 6   (internal) or 20  (boundary) : 0
    faces with interpolation weights (0..1)  < 0.08        : 0
    faces with volume ratio of neighbour cells < 0.02      : 0
    faces with face twist < 0.05                           : 0
    faces on cells with determinant < 0.0001               : 0
Moving mesh ...

Iteration 0
Moving mesh using displacement scaling : min:1  max:1
Checking faces in error :
    non-orthogonality > 70  degrees                        : 0
    faces with face pyramid volume < 1e-16                 : 0
    faces with concavity > 80  degrees                     : 0
    faces with area < 1e-13 m^2                            : 0
    faces with skewness > 6   (internal) or 20  (boundary) : 0
    faces with interpolation weights (0..1)  < 0.08        : 0
    faces with volume ratio of neighbour cells < 0.02      : 0
    faces with face twist < 0.05                           : 0
    faces on cells with determinant < 0.0001               : 0
Successfully moved mesh
Moved mesh in = 3.19 s


Feature shadow chains constructed in 3.2s


Trying to smooth sliver faces
-----------------------------

Number of sliver points to smooth : 0

Merging all faces of a cell
---------------------------
    - which are on the same patch
    - which make an angle < 45 degrees
      (cos:0.9396926208)
    - as long as the resulting face doesn't become concave by more than  80 degrees
      (0=straight, 180=fully concave)

Merging 896 sets of faces.


Undo iteration 0
----------------
Checking faces in error :
    non-orthogonality > 70  degrees                        : 0
    faces with face pyramid volume < 1e-16                 : 0
    faces with concavity > 80  degrees                     : 0
    faces with area < 1e-13 m^2                            : 0
    faces with skewness > 6   (internal) or 20  (boundary) : 0
    faces with interpolation weights (0..1)  < 0.08        : 0
    faces with volume ratio of neighbour cells < 0.02      : 0
    faces with face twist < 0.05                           : 0
    faces on cells with determinant < 0.0001               : 0

Merging all points on surface that
- are used by only two boundary faces and
- make an angle with a cosine of more than -1.

Removing 904 straight edge points ...


Undo iteration 0
----------------
Checking faces in error :
    non-orthogonality > 70  degrees                        : 0
    faces with face pyramid volume < 1e-16                 : 0
    faces with concavity > 80  degrees                     : 0
    faces with area < 1e-13 m^2                            : 0
    faces with skewness > 6   (internal) or 20  (boundary) : 0
    faces with interpolation weights (0..1)  < 0.08        : 0
    faces with volume ratio of neighbour cells < 0.02      : 0
    faces with face twist < 0.05                           : 0
    faces on cells with determinant < 0.0001               : 0

Splitting degenerate cell faces
-------------------------------

Edge collapsing Iter: 0
Correcting concave faces 
Checking faces in error :
    non-orthogonality > 70  degrees                        : 0
    faces with face pyramid volume < 1e-16                 : 0
    faces with concavity > 80  degrees                     : 0
    faces with area < 1e-13 m^2                            : 0
    faces with skewness > 6   (internal) or 20  (boundary) : 0
    faces with interpolation weights (0..1)  < 0.08        : 0
    faces with volume ratio of neighbour cells < 0.02      : 0
    faces with face twist < 0.05                           : 0
    faces on cells with determinant < 0.0001               : 0
Moving mesh ...

Iteration 0
Moving mesh using displacement scaling : min:1  max:1
Checking faces in error :
    non-orthogonality > 70  degrees                        : 0
    faces with face pyramid volume < 1e-16                 : 0
    faces with concavity > 80  degrees                     : 0
    faces with area < 1e-13 m^2                            : 0
    faces with skewness > 6   (internal) or 20  (boundary) : 0
    faces with interpolation weights (0..1)  < 0.08        : 0
    faces with volume ratio of neighbour cells < 0.02      : 0
    faces with face twist < 0.05                           : 0
    faces on cells with determinant < 0.0001               : 0
Successfully moved mesh
Moved mesh in = 6.07 s



Checking faces are correctly patched
------------------------------------


Merging all faces of a cell
---------------------------
    - which are on the same patch
    - which make an angle < 45 degrees
      (cos:0.9396926208)
    - as long as the resulting face doesn't become concave by more than  80 degrees
      (0=straight, 180=fully concave)

Merging 0 sets of faces.

No faces merged ...

Merging all points on surface that
- are used by only two boundary faces and
- make an angle with a cosine of more than -1.

No straight edges simplified and no points removed ...

Cleaning up final snapped mesh
------------------------------

Checking faces in error :
    non-orthogonality > 70  degrees                        : 0
    faces with face pyramid volume < 1e-16                 : 0
    faces with concavity > 80  degrees                     : 0
    faces with area < 1e-13 m^2                            : 0
    faces with skewness > 6   (internal) or 20  (boundary) : 0
    faces with interpolation weights (0..1)  < 0.08        : 0
    faces with volume ratio of neighbour cells < 0.02      : 0
    faces with face twist < 0.05                           : 0
    faces on cells with determinant < 0.0001               : 0
Removing 0 hanging nodes
Finished snapping stage in = 44.34 s.
Total meshing time to this stage = 82.37 s.

Shrinking and layer addition phase
----------------------------------

Using mesh parameters 
{
    maxNonOrtho     70;
    maxBoundarySkewness 20;
    maxInternalSkewness 6;
    maxConcave      80;
    minFlatness     0.5;
    minVol          1e-16;
    minTetQuality   -1e+30;
    minArea         1e-13;
    minTwist        0.05;
    minDeterminant  0.0001;
    minFaceWeight   0.08;
    minVolRatio     0.02;
    angle           0;
    errorReduction  0.75;
    nSmoothScale    10;
    minVolCollapseRatio -1;
    faceFaceCells   false;
    minSnapRelativeVolume -1;
    smoothAlignedEdges false;
    minSnapRelativeTetVolume -1;
    maxGaussGreenCentroid -1;
    nVolSmoothIter  8;
    maxCellAspectRatio -1;
    maxFaceCentreNonOrtho 180;
    minEdgeLength   -1;
}



Checking mesh manifoldness ...
Outside of mesh is multiply connected across edges or points.
This is not a fatal error but might cause some unexpected behaviour.


Checking initial mesh ...
Checking faces in error :
    non-orthogonality > 70  degrees                        : 0
    faces with face pyramid volume < 1e-16                 : 0
    faces with concavity > 80  degrees                     : 0
    faces with area < 1e-13 m^2                            : 0
    faces with skewness > 6   (internal) or 20  (boundary) : 0
    faces with interpolation weights (0..1)  < 0.08        : 0
    faces with volume ratio of neighbour cells < 0.02      : 0
    faces with face twist < 0.05                           : 0
    faces on cells with determinant < 0.0001               : 0
Detected 0 illegal faces (concave, zero area or negative cell pyramid volume)
Duplicating 0 points on faceZones of type boundary
Patch Inlet cannot be grown up since has no grown neighbour
Patch Outlet cannot be grown up since has no grown neighbour
Patch Back chosen for growing up
Patch Front chosen for growing up
Patch Bottom cannot be grown up since has no grown neighbour
Patch Top cannot be grown up since has no grown neighbour
dupNonManifoldPoints : Found : 0 non-manifold points (out of 1673744)

Handling feature edges ...
Set displacement to zero for points on 0 feature edges

Handling cells with warped patch faces ...
Set displacement to zero on 0 warped faces since layer would be > 2 of the size of the bounding box.
Set displacement to zero on 0 non manifold edges.
Set displacement to zero on 0 problem grown up points
Set displacement to zero on 0 faces and edges with single baffle extrusions and zero sized edges

patch  faces    layers avg thickness[m]
                       near-wall overall
-----  -----    ------ --------- -------
e423_0 27904    10     0.00015   0.005   

Selecting externalDisplacementMeshMover displacementMedialAxis
displacementMedialAxis : Calculating distance to Medial Axis ...
fieldSmoother : Smoothing normals ...
    Iteration 0   residual 0.00532
fieldSmoother : Smoothing normals in interior ...
    Iteration 0   residual 0.0137

Layer addition iteration 1
--------------------------

Determining displacement for added points according to pointNormal ...
Detected 127 points with point normal pointing through faces.
Reset displacement at 127 points to average of surrounding points.

displacementMedialAxis : Smoothing using Medial Axis ...
displacementMedialAxis : Reducing layer thickness at 0 nodes where thickness to medial axis distance is large 
displacementMedialAxis : Removing isolated regions ...
- if partially extruded faces make angle < 80
- if exclusively surrounded by non-extruded faces
displacementMedialAxis : Number of isolated points extrusion stopped : 0
fieldSmoother : Smoothing field ...
    Iteration 0   residual 0
snappyHexMeshDriver: Smoothing displaced mesh interior points ...
Finished smoothing displaced mesh in = 2.76 s.
displacementMedialAxis : Moving mesh ...
displacementMedialAxis : Iteration 0
Moving mesh using displacement scaling : min:1  max:1
Checking faces in error :
    non-orthogonality > 70  degrees                        : 0
    faces with face pyramid volume < 1e-16                 : 0
    faces with concavity > 80  degrees                     : 0
    faces with area < 1e-13 m^2                            : 0
    faces with skewness > 6   (internal) or 20  (boundary) : 0
    faces with interpolation weights (0..1)  < 0.08        : 0
    faces with volume ratio of neighbour cells < 0.02      : 0
    faces with face twist < 0.05                           : 0
    faces on cells with determinant < 0.0001               : 0
displacementMedialAxis : Successfully moved mesh
displacementMedialAxis : Finished moving mesh ...
stopNonConsecutiveExtrusion : Unextruded 0 faces due to non-consecutive vertices being extruded.
stopNonConsecutiveExtrusion : Unextruded 0 faces due to stringed edges with inconsistent extrusion.
stopNonConsecutiveExtrusion : Unextruded 0 faces due to non-consecutive vertices being extruded.
stopNonConsecutiveExtrusion : Unextruded 0 faces due to stringed edges with inconsistent extrusion.
Prevented extrusion on 0 points due to failure to split face.

stopNonConsecutiveExtrusion : Unextruded 0 faces due to non-consecutive vertices being extruded.
stopNonConsecutiveExtrusion : Unextruded 0 faces due to stringed edges with inconsistent extrusion.

Setting up information for layer truncation ...

Adding in total 0 inter-processor patches to handle extrusion of non-manifold processor boundaries.
Detected 0 baffles across faceZones of type internal


Checking mesh with layer ...
Checking faces in error :
    non-orthogonality > 70  degrees                        : 0
    faces with face pyramid volume < 1e-16                 : 0
    faces with concavity > 80  degrees                     : 0
    faces with area < 1e-13 m^2                            : 0
    faces with skewness > 6   (internal) or 20  (boundary) : 626
    faces with interpolation weights (0..1)  < 0.08        : 0
    faces with volume ratio of neighbour cells < 0.02      : 0
    faces with face twist < 0.05                           : 0
    faces on cells with determinant < 0.0001               : 0
Detected 626 illegal faces (concave, zero area or negative cell pyramid volume)
Extruding 27652 out of 27904 faces (99.1%). Removed extrusion at 188 faces.
Layer iteration performed in 8.54s


Layer addition iteration 2
--------------------------

Determining displacement for added points according to pointNormal ...
Detected 0 points with point normal pointing through faces.
Reset displacement at 0 points to average of surrounding points.

displacementMedialAxis : Smoothing using Medial Axis ...
displacementMedialAxis : Reducing layer thickness at 0 nodes where thickness to medial axis distance is large 
displacementMedialAxis : Removing isolated regions ...
- if partially extruded faces make angle < 80
- if exclusively surrounded by non-extruded faces
displacementMedialAxis : Number of isolated points extrusion stopped : 6
fieldSmoother : Smoothing field ...
    Iteration 0   residual 1.09e-05
snappyHexMeshDriver: Smoothing displaced mesh interior points ...
Finished smoothing displaced mesh in = 2.76 s.
displacementMedialAxis : Moving mesh ...
displacementMedialAxis : Iteration 0
Moving mesh using displacement scaling : min:1  max:1
Checking faces in error :
    non-orthogonality > 70  degrees                        : 0
    faces with face pyramid volume < 1e-16                 : 0
    faces with concavity > 80  degrees                     : 0
    faces with area < 1e-13 m^2                            : 0
    faces with skewness > 6   (internal) or 20  (boundary) : 0
    faces with interpolation weights (0..1)  < 0.08        : 0
    faces with volume ratio of neighbour cells < 0.02      : 0
    faces with face twist < 0.05                           : 0
    faces on cells with determinant < 0.0001               : 0
displacementMedialAxis : Successfully moved mesh
displacementMedialAxis : Finished moving mesh ...
stopNonConsecutiveExtrusion : Unextruded 0 faces due to non-consecutive vertices being extruded.
stopNonConsecutiveExtrusion : Unextruded 0 faces due to stringed edges with inconsistent extrusion.
stopNonConsecutiveExtrusion : Unextruded 0 faces due to non-consecutive vertices being extruded.
stopNonConsecutiveExtrusion : Unextruded 0 faces due to stringed edges with inconsistent extrusion.
Prevented extrusion on 0 points due to failure to split face.

stopNonConsecutiveExtrusion : Unextruded 0 faces due to non-consecutive vertices being extruded.
stopNonConsecutiveExtrusion : Unextruded 0 faces due to stringed edges with inconsistent extrusion.

Setting up information for layer truncation ...

Adding in total 0 inter-processor patches to handle extrusion of non-manifold processor boundaries.
Detected 0 baffles across faceZones of type internal


Checking mesh with layer ...
Checking faces in error :
    non-orthogonality > 70  degrees                        : 0
    faces with face pyramid volume < 1e-16                 : 0
    faces with concavity > 80  degrees                     : 0
    faces with area < 1e-13 m^2                            : 0
    faces with skewness > 6   (internal) or 20  (boundary) : 0
    faces with interpolation weights (0..1)  < 0.08        : 0
    faces with volume ratio of neighbour cells < 0.02      : 0
    faces with face twist < 0.05                           : 0
    faces on cells with determinant < 0.0001               : 0
Detected 0 illegal faces (concave, zero area or negative cell pyramid volume)
Extruding 27648 out of 27904 faces (99.1%). Removed extrusion at 0 faces.
Layer iteration performed in 8.87s


Layer addition iteration 3
--------------------------

Determining displacement for added points according to pointNormal ...
Detected 0 points with point normal pointing through faces.
Reset displacement at 0 points to average of surrounding points.

displacementMedialAxis : Smoothing using Medial Axis ...
displacementMedialAxis : Reducing layer thickness at 0 nodes where thickness to medial axis distance is large 
displacementMedialAxis : Removing isolated regions ...
- if partially extruded faces make angle < 80
- if exclusively surrounded by non-extruded faces
displacementMedialAxis : Number of isolated points extrusion stopped : 0
fieldSmoother : Smoothing field ...
    Iteration 0   residual 1.09e-05
snappyHexMeshDriver: Smoothing displaced mesh interior points ...
Finished smoothing displaced mesh in = 2.66 s.
displacementMedialAxis : Moving mesh ...
displacementMedialAxis : Iteration 0
Moving mesh using displacement scaling : min:1  max:1
Checking faces in error :
    non-orthogonality > 70  degrees                        : 0
    faces with face pyramid volume < 1e-16                 : 0
    faces with concavity > 80  degrees                     : 0
    faces with area < 1e-13 m^2                            : 0
    faces with skewness > 6   (internal) or 20  (boundary) : 0
    faces with interpolation weights (0..1)  < 0.08        : 0
    faces with volume ratio of neighbour cells < 0.02      : 0
    faces with face twist < 0.05                           : 0
    faces on cells with determinant < 0.0001               : 0
displacementMedialAxis : Successfully moved mesh
displacementMedialAxis : Finished moving mesh ...
stopNonConsecutiveExtrusion : Unextruded 0 faces due to non-consecutive vertices being extruded.
stopNonConsecutiveExtrusion : Unextruded 0 faces due to stringed edges with inconsistent extrusion.
stopNonConsecutiveExtrusion : Unextruded 0 faces due to non-consecutive vertices being extruded.
stopNonConsecutiveExtrusion : Unextruded 0 faces due to stringed edges with inconsistent extrusion.
Prevented extrusion on 0 points due to failure to split face.

stopNonConsecutiveExtrusion : Unextruded 0 faces due to non-consecutive vertices being extruded.
stopNonConsecutiveExtrusion : Unextruded 0 faces due to stringed edges with inconsistent extrusion.

Setting up information for layer truncation ...

Adding in total 0 inter-processor patches to handle extrusion of non-manifold processor boundaries.
Detected 0 baffles across faceZones of type internal


Checking mesh with layer ...
Checking faces in error :
    non-orthogonality > 70  degrees                        : 0
    faces with face pyramid volume < 1e-16                 : 0
    faces with concavity > 80  degrees                     : 0
    faces with area < 1e-13 m^2                            : 0
    faces with skewness > 6   (internal) or 20  (boundary) : 0
    faces with interpolation weights (0..1)  < 0.08        : 0
    faces with volume ratio of neighbour cells < 0.02      : 0
    faces with face twist < 0.05                           : 0
    faces on cells with determinant < 0.0001               : 0
Detected 0 illegal faces (concave, zero area or negative cell pyramid volume)
Extruding 27648 out of 27904 faces (99.1%). Removed extrusion at 0 faces.
Total number of layer cells: 264960
Finished layer stage in = 35.3 s.
Total meshing time to this stage = 118 s.

Extruding layer at selected boundary faces

Pre-balance before extruding
Found 0 zoned faces to keep together.
Found 0 separated coupled faces to keep together.
Extruding : extrude
Adding overall 0 processor patches.

Doing final balancing
---------------------

Selecting decompositionMethod ptscotch
Final mesh : cells:48331  faces:194172  points:98358
Cells per refinement level:
    0	352
    1	670
    2	2056
    3	5284
    4	12726
    5	19739
    6	458
    7	7046
Writing mesh to time 0
Wrote mesh in = 0.02 s.
Finished meshing in = 124 s.

Final Mesh Summary Report
-------------------------

Mesh stats
----------

    points:              99430
    edges:               245799
    faces:               194704
    internal faces:      96640
    cells:               48331
    layers cells:        264960
    layer coverage:      99.1 %
    boundary patches:    7
    point zones:         0
    face zones:          0
    cell zones:          0
    mesh regions:        1
    domain volume:       72.258
    domain bounding box: ( -4 0.4 -8 ) ( 15 0.6377 8 )

Overall number of cells of each type
------------------------------------

    hexahedra:  46977 (97.198 %)
    prisms:     26 (0.0538 %)
    wedges:     0 (0 %)
    pyramids:   0 (0 %)
    tet wedges: 0 (0 %)
    tetrahedra: 0 (0 %)
    polyhedra:  1328 (2.75 %)

Cells per refinement level
--------------------------

    0	352 (spacing: 400 mm)
    1	670 (spacing: 200 mm)
    2	2056 (spacing: 100 mm)
    3	5284 (spacing: 50 mm)
    4	12726 (spacing: 25 mm)
    5	19739 (spacing: 12.5 mm)
    6	458 (spacing: 6.25 mm)
    7	7046 (spacing: 3.12 mm)

Patch layer info
----------------

Key:  
First cell height (fch)
Final layer height (flh)
Total layer height (tlh)
Expansion ratio (exp)

patch  faces    layers fch (m)  flh (m)  tlh (m)  exp      coverage (%)
-----  -----    ------ -------  -------  -------  ---      ------------

e423_0 27904    9.53   0.00018  0.00112  0.00489  1.25      99.1    

Mesh quality
------------

    Point usage OK.
    Upper triangular ordering OK.
    Topological cell zip-up check OK.
    Face vertices OK.

    Boundary openness ( -6.81e-18 6.86e-16 -4.84e-19 ) OK.
 *High aspect ratio cells found, Max aspect ratio: 1.63e+03, number of cells 537
    Minimum face area = 4.65e-07. Maximum face area = 0.38.  Face area magnitudes OK.
    Min volume = 1.1e-07. Max volume = 0.0903.  Total volume = 72.3.  Cell volumes OK.
    Mesh non-orthogonality Max: 39.2 average: 0.717
    Non-orthogonality check OK.
    Face pyramids OK.

Warning in 1 mesh checks.

Meshing time
------------

   Overall Meshing Time 117.72 sec (0.0327 hours).

   Performed mesh initialisation in 0.05 sec (0.0425 %).
   Performed mesh refinement in 38.03 sec (32.3 %).
   Performed mesh snapping in 44.34 sec (37.7 %).
   Performed mesh layers in 35.3 sec (30 %).

End

Finalising parallel run

--- INICIO COMANDO: mpirun -n 4 helyxHexMesh -parallel -overwrite ---
/*---------------------------------------------------------------------------*\
|       o        |                                                            |
|    o     o     |  HELYX (R) : Open-source CFD for Enterprise                |
|   o   O   o    |  Version : 4.4.1                                           |
|    o     o     |  ENGYS Ltd. <http://engys.com/>                            |
|       o        |                                                            |
\*---------------------------------------------------------------------------*/
Build  : 4.4.1-unknown
API    : 4.4.1
Arch   : "LSB;label=32;scalar=64"
Exec   : reconstructParMesh -constant
Date   : Jan 15 2026
Time   : 18:08:17
Host   : "tb133-VirtualBox"
PID    : 11140
I/O    : uncollated
Case   : /home/introcfd/Desktop/estudioAutomatizacionPerfiles/aleronTraseroV1
nProcs : 1
sigFpe : Enabling floating point exception trapping (HELYX_SIGFPE).
fileModificationChecking : Monitoring run-time modified files using timeStampMaster (fileModificationSkew 10)
allowSystemOperations : Allowing user-supplied system call operations

// * * * * * * * * * * * * * * * * * * * * * * * * * * * * * * * * * * * * * //
Create time

Merge tolerance : 1e-07
Write tolerance : 1e-10
Doing geometric matching on correct procBoundaries only.
This assumes a correct decomposition.
Found 4 processor directories

Reading database "aleronTraseroV1/processor0"
Reading database "aleronTraseroV1/processor1"
Reading database "aleronTraseroV1/processor2"
Reading database "aleronTraseroV1/processor3"
Time = constant



Reconstructing for mesh region0

Reading points from "aleronTraseroV1/processor0" for time = constant

Reading points from "aleronTraseroV1/processor1" for time = constant

Reading points from "aleronTraseroV1/processor2" for time = constant

Reading points from "aleronTraseroV1/processor3" for time = constant

Overall mesh bounding box  : ( -4 0.4 -8 ) ( 15 0.6377006283 8 )
Relative tolerance         : 1e-07
Absolute matching distance : 2.4840622e-06

Merging mesh 0 with 1
Merging mesh 2 with 3
Merging mesh 0 with 2
Reading mesh to add from "aleronTraseroV1/processor0" for time = constant


Reading mesh to add from "aleronTraseroV1/processor1" for time = constant


Reading mesh to add from "aleronTraseroV1/processor2" for time = constant


Reading mesh to add from "aleronTraseroV1/processor3" for time = constant


mergeSharedPoints : detected 0 points that are to be merged.

Writing merged mesh to "/home/introcfd/Desktop/estudioAutomatizacionPerfiles/aleronTraseroV1/constant"

Reconstructing the addressing from the processor meshes to the newly reconstructed mesh

Reading processor 0 mesh from "aleronTraseroV1/processor0"
Writing pointProcAddressing to "aleronTraseroV1/processor0/constant/polyMesh"
Writing faceProcAddressing to "aleronTraseroV1/processor0/constant/polyMesh"
Writing cellProcAddressing to "aleronTraseroV1/processor0/constant/polyMesh"

Reading processor 1 mesh from "aleronTraseroV1/processor1"
Writing pointProcAddressing to "aleronTraseroV1/processor1/constant/polyMesh"
Writing faceProcAddressing to "aleronTraseroV1/processor1/constant/polyMesh"
Writing cellProcAddressing to "aleronTraseroV1/processor1/constant/polyMesh"

Reading processor 2 mesh from "aleronTraseroV1/processor2"
Writing pointProcAddressing to "aleronTraseroV1/processor2/constant/polyMesh"
Writing faceProcAddressing to "aleronTraseroV1/processor2/constant/polyMesh"
Writing cellProcAddressing to "aleronTraseroV1/processor2/constant/polyMesh"

Reading processor 3 mesh from "aleronTraseroV1/processor3"
Writing pointProcAddressing to "aleronTraseroV1/processor3/constant/polyMesh"
Writing faceProcAddressing to "aleronTraseroV1/processor3/constant/polyMesh"
Writing cellProcAddressing to "aleronTraseroV1/processor3/constant/polyMesh"


End


--- INICIO COMANDO: reconstructParMesh -constant ---
/*---------------------------------------------------------------------------*\
|       o        |                                                            |
|    o     o     |  HELYX (R) : Open-source CFD for Enterprise                |
|   o   O   o    |  Version : 4.4.1                                           |
|    o     o     |  ENGYS Ltd. <http://engys.com/>                            |
|       o        |                                                            |
\*---------------------------------------------------------------------------*/
Build  : 4.4.1-unknown
API    : 4.4.1
Arch   : "LSB;label=32;scalar=64"
Exec   : caseSetup
Date   : Jan 15 2026
Time   : 18:08:17
Host   : "tb133-VirtualBox"
PID    : 11142
I/O    : uncollated
Case   : /home/introcfd/Desktop/estudioAutomatizacionPerfiles/aleronTraseroV1
nProcs : 1
sigFpe : Enabling floating point exception trapping (HELYX_SIGFPE).
fileModificationChecking : Monitoring run-time modified files using timeStampMaster (fileModificationSkew 10)
allowSystemOperations : Allowing user-supplied system call operations

// * * * * * * * * * * * * * * * * * * * * * * * * * * * * * * * * * * * * * //

Create time


Defining regions
================
region0 : segregatedS


Writing dictionaries
====================
Writing "system/fvSchemes"
Writing "system/fvSolution"
Writing "system/faSchemes"
Writing "system/faSolution"
Writing "system/controlDict"
Writing "system/materialProperties"
Writing "system/fvOptions"
Writing "system/meshObjects"
Writing "constant/turbulenceProperties"
Writing "constant/g"
Writing "constant/regionProperties"

Storing existing fields
=======================
	k: not found
	omega: not found
	nut: not found
	p: not found
	U: not found
	rho: not found



Modifying boundary mesh
=======================
Modifying boundary patch: Outlet
Modifying boundary patch: Inlet
Modifying boundary patch: Front
Modifying boundary patch: Bottom
Modifying boundary patch: Top
Modifying boundary patch: e423_0
Modifying boundary patch: Back


Creating fields
===============

region0
----------------------------------------------------------------------------------------

Initialisation
--------------

   - U : fixedValue
   - k : turbulentIL
   - omega : turbulentIL
   - nut : turbulentIL
   - p : fixedValue
   - rho : equationOfState
Reading thermophysical properties


Material settings
-----------------

Selecting materials package "fluid".
pRef [1 -1 -2 0 0 0 0] 101325
TRef [0 0 0 1 0 0 0] 0
TConst [0 0 0 1 0 0 0] 300

Solver settings from material properties:
"isochoric" "incompressible" "constant Cv" "isotropic"

----------------------------------------------------------------------------------------


end


--- INICIO COMANDO: caseSetup ---
/*---------------------------------------------------------------------------*\
|       o        |                                                            |
|    o     o     |  HELYX (R) : Open-source CFD for Enterprise                |
|   o   O   o    |  Version : 4.4.1                                           |
|    o     o     |  ENGYS Ltd. <http://engys.com/>                            |
|       o        |                                                            |
\*---------------------------------------------------------------------------*/
Build  : 4.4.1-unknown
API    : 4.4.1
Arch   : "LSB;label=32;scalar=64"
Exec   : decomposePar
Date   : Jan 15 2026
Time   : 18:08:17
Host   : "tb133-VirtualBox"
PID    : 11146
I/O    : uncollated
Case   : /home/introcfd/Desktop/estudioAutomatizacionPerfiles/aleronTraseroV1
nProcs : 1
sigFpe : Enabling floating point exception trapping (HELYX_SIGFPE).
fileModificationChecking : Monitoring run-time modified files using timeStampMaster (fileModificationSkew 10)
allowSystemOperations : Allowing user-supplied system call operations

// * * * * * * * * * * * * * * * * * * * * * * * * * * * * * * * * * * * * * //
Create time



Decomposing mesh region0

Create mesh

Calculating distribution of cells
Selecting decompositionMethod hierarchical

Finished decomposition in 0.01 s

Calculating original mesh data

Distributing cells to processors

Distributing faces to processors

Distributing points to processors

Constructing processor meshes

Processor 0
    Number of cells = 12082
    Number of faces shared with processor 1 = 240
    Number of processor patches = 1
    Number of processor faces = 240
    Number of boundary faces = 24310

Processor 1
    Number of cells = 12082
    Number of faces shared with processor 0 = 240
    Number of faces shared with processor 2 = 188
    Number of processor patches = 2
    Number of processor faces = 428
    Number of boundary faces = 24278

Processor 2
    Number of cells = 12082
    Number of faces shared with processor 1 = 188
    Number of faces shared with processor 3 = 140
    Number of processor patches = 2
    Number of processor faces = 328
    Number of boundary faces = 24170

Processor 3
    Number of cells = 12085
    Number of faces shared with processor 2 = 140
    Number of processor patches = 1
    Number of processor faces = 140
    Number of boundary faces = 24242

Number of processor faces = 568
Max number of cells = 12085 (0.01862158863% above average 12082.75)
Max number of processor patches = 2 (33.33333333% above average 1.5)
Max number of faces between processors = 428 (50.70422535% above average 284)

Time = 0

Processor 0: field transfer
Processor 1: field transfer
Processor 2: field transfer
Processor 3: field transfer

End


--- INICIO COMANDO: decomposePar ---
