/*---------------------------------------------------------------------------*\
|       o        |                                                            |
|    o     o     |  HELYX (R) : Open-source CFD for Enterprise                |
|   o   O   o    |  Version : 4.4.1                                           |
|    o     o     |  ENGYS Ltd. <http://engys.com/>                            |
|       o        |                                                            |
\*---------------------------------------------------------------------------*/
Build  : 4.4.1-unknown
API    : 4.4.1
Arch   : "LSB;label=32;scalar=64"
Exec   : blockMesh
Date   : Jan 15 2026
Time   : 17:39:50
Host   : "tb133-VirtualBox"
PID    : 10281
I/O    : uncollated
Case   : /home/introcfd/Desktop/estudioAutomatizacionPerfiles/aleronTraseroV1
nProcs : 1
sigFpe : Enabling floating point exception trapping (HELYX_SIGFPE).
fileModificationChecking : Monitoring run-time modified files using timeStampMaster (fileModificationSkew 10)
allowSystemOperations : Allowing user-supplied system call operations

// * * * * * * * * * * * * * * * * * * * * * * * * * * * * * * * * * * * * * //
Create time

Creating block mesh from
    "system/blockMeshDict"
Creating block edges
No non-planar block faces defined
Creating topology blocks
Creating topology patches

Reading patches section

Creating block mesh topology

Reading physicalType from existing boundary file

Default patch type set to empty

Check topology

	Basic statistics
		Number of internal faces : 0
		Number of boundary faces : 6
		Number of defined boundary faces : 6
		Number of undefined boundary faces : 0
	Checking patch -> block consistency

Creating block offsets
Creating merge list .

Creating polyMesh from blockMesh
Creating patches
Creating cells
Creating points with scale 1
    Block 0 cell size :
        i : 0.475 .. 0.475
        j : 0.4 .. 0.4
        k : 0.8 .. 0.8


Writing polyMesh with 0 cellZones
----------------
Mesh Information
----------------
  boundingBox: ( -4 0 -8 ) ( 15 0.4 8 )
  nPoints: 1722
  nCells: 800
  nFaces: 3260
  nInternalFaces: 1540
----------------
Patches
----------------
  patch 0 (start: 1540 size: 20) name: Inlet
  patch 1 (start: 1560 size: 20) name: Outlet
  patch 2 (start: 1580 size: 800) name: Back
  patch 3 (start: 2380 size: 800) name: Front
  patch 4 (start: 3180 size: 40) name: Bottom
  patch 5 (start: 3220 size: 40) name: Top

End


--- INICIO COMANDO: blockMesh ---
/*---------------------------------------------------------------------------*\
|       o        |                                                            |
|    o     o     |  HELYX (R) : Open-source CFD for Enterprise                |
|   o   O   o    |  Version : 4.4.1                                           |
|    o     o     |  ENGYS Ltd. <http://engys.com/>                            |
|       o        |                                                            |
\*---------------------------------------------------------------------------*/
Build  : 4.4.1-unknown
API    : 4.4.1
Arch   : "LSB;label=32;scalar=64"
Exec   : decomposePar
Date   : Jan 15 2026
Time   : 17:39:50
Host   : "tb133-VirtualBox"
PID    : 10283
I/O    : uncollated
Case   : /home/introcfd/Desktop/estudioAutomatizacionPerfiles/aleronTraseroV1
nProcs : 1
sigFpe : Enabling floating point exception trapping (HELYX_SIGFPE).
fileModificationChecking : Monitoring run-time modified files using timeStampMaster (fileModificationSkew 10)
allowSystemOperations : Allowing user-supplied system call operations

// * * * * * * * * * * * * * * * * * * * * * * * * * * * * * * * * * * * * * //
Create time



Decomposing mesh region0

Create mesh

Calculating distribution of cells
Selecting decompositionMethod hierarchical

Finished decomposition in 0 s

Calculating original mesh data

Distributing cells to processors

Distributing faces to processors

Distributing points to processors

Constructing processor meshes

Processor 0
    Number of cells = 200
    Number of faces shared with processor 1 = 20
    Number of processor patches = 1
    Number of processor faces = 20
    Number of boundary faces = 440

Processor 1
    Number of cells = 200
    Number of faces shared with processor 0 = 20
    Number of faces shared with processor 2 = 20
    Number of processor patches = 2
    Number of processor faces = 40
    Number of boundary faces = 420

Processor 2
    Number of cells = 200
    Number of faces shared with processor 1 = 20
    Number of faces shared with processor 3 = 20
    Number of processor patches = 2
    Number of processor faces = 40
    Number of boundary faces = 420

Processor 3
    Number of cells = 200
    Number of faces shared with processor 2 = 20
    Number of processor patches = 1
    Number of processor faces = 20
    Number of boundary faces = 440

Number of processor faces = 60
Max number of cells = 200 (0% above average 200)
Max number of processor patches = 2 (33.33333333% above average 1.5)
Max number of faces between processors = 40 (33.33333333% above average 30)

Time = 0

Processor 0: field transfer
Processor 1: field transfer
Processor 2: field transfer
Processor 3: field transfer

End


--- INICIO COMANDO: decomposePar ---
/*---------------------------------------------------------------------------*\
|       o        |                                                            |
|    o     o     |  HELYX (R) : Open-source CFD for Enterprise                |
|   o   O   o    |  Version : 4.4.1                                           |
|    o     o     |  ENGYS Ltd. <http://engys.com/>                            |
|       o        |                                                            |
\*---------------------------------------------------------------------------*/
Build  : 4.4.1-unknown
API    : 4.4.1
Arch   : "LSB;label=32;scalar=64"
Exec   : helyxHexMesh -parallel -overwrite
Date   : Jan 15 2026
Time   : 17:39:51
Host   : "tb133-VirtualBox"
PID    : 10289
I/O    : uncollated
Case   : /home/introcfd/Desktop/estudioAutomatizacionPerfiles/aleronTraseroV1
nProcs : 4
Slaves : 
3
(
"tb133-VirtualBox.10290"
"tb133-VirtualBox.10291"
"tb133-VirtualBox.10292"
)

Pstream initialized with:
    floatTransfer      : 0
    nProcsSimpleSum    : 0
    commsType          : nonBlocking
    polling iterations : 0
sigFpe : Enabling floating point exception trapping (HELYX_SIGFPE).
fileModificationChecking : Monitoring run-time modified files using timeStampMaster (fileModificationSkew 10)
allowSystemOperations : Allowing user-supplied system call operations

// * * * * * * * * * * * * * * * * * * * * * * * * * * * * * * * * * * * * * //
Creating "system/fvSchemes"
Creating "system/fvSolution"
Create time

Generating mesh region : region0

Using meshing algorithm: standard

Using meshing method: quality

Using block method: block

Selecting decompositionMethod hierarchical
Creating block edges
No non-planar block faces defined
Creating topology blocks
Creating topology patches

Reading patches section

Creating block mesh topology

Check topology

	Basic statistics
		Number of internal faces : 0
		Number of boundary faces : 6
		Number of defined boundary faces : 6
		Number of undefined boundary faces : 0
	Checking patch -> block consistency

Creating block offsets
Creating merge list .
Creating patches
Creating cells
Creating points with scale 1
    Block 0 cell size :
        i : 0.475 .. 0.475
        j : 0.4 .. 0.4
        k : 0.8 .. 0.8


Overall mesh bounding box  : ( -4 0 -8 ) ( 15 0.4 8 )
Relative tolerance         : 1e-06
Absolute matching distance : 2.484270517e-05


Reading geometry: VR1.stl

Reading geometry: VR2.stl

Reading geometry: VR3.stl

Reading geometry: VR4.stl

Reading geometry: VR5.stl

Reading geometry: e423_0.stl
Read refinement surfaces in = 0.02 s


Overall mesh bounding box  : ( -4 0 -8 ) ( 15 0.4 8 )
Relative tolerance         : 1e-06
Absolute matching distance : 2.484270517e-05

Creating refinement features.
Reading external feature lines.
Calculated refinement features in = 0 s
Reading refinement shells.
Refinement level ( 5 5 5 ) for all cells inside VR1.stl
Refinement level ( 4 4 4 ) for all cells inside VR2.stl
Refinement level ( 3 3 3 ) for all cells inside VR3.stl
Refinement level ( 2 2 2 ) for all cells inside VR4.stl
Refinement level ( 1 1 1 ) for all cells inside VR5.stl
Refinement level according to distance to e423_0.stl
    level ( 7 7 7 ) for all cells within (( 0.1 0.1 0.1 ) ( 0.1 0.1 0.1 )) metre.
Read refinement shells in = 0 s

Setting refinement level of surface to be consistent with shells.
Caching minimum level field
For geometry e423_0.stl detected 0 uncached triangles out of 1624
Checked shell refinement in = 0.01 s


Determining initial surface intersections
-----------------------------------------

Edge intersection testing:
    Number of edges             : 3260
    Number of edges to retest   : 3260
    Number of intersected edges : 1
Calculated surface intersections in = 0 s

Initial mesh : cells:800  faces:3260  points:1722
Cells per refinement level:
    0	800

Adding patches for surface regions
----------------------------------

Patch Type                Region                        
----- ----                ------                        
e423_0:

6     wall                e423_0                        

Added patches in = 0 s

Edge intersection testing:
    Number of edges             : 3260
    Number of edges to retest   : 0
    Number of intersected edges : 1

Snap parameters
---------------


Refinement phase
----------------


Initial refinement iteration 0
------------------------------

Marked for refinement due to surface bounding box seeding  : 6 cells.
Determined cells to refine in = 0 s
Selected for initial refinement : 6 cells (out of 800)
Edge intersection testing:
    Number of edges             : 3419
    Number of edges to retest   : 232
    Number of intersected edges : 4
Refined mesh in = 0 s
After refinement Initial refinement iteration 0 : cells:842  faces:3419  points:1803
Cells per refinement level:
    0	794
    1	48
Balanced mesh in = 0 s

Initial refinement iteration 1
------------------------------

Marked for refinement due to surface bounding box seeding  : 0 cells.
Determined cells to refine in = 0.01 s
Selected for initial refinement : 0 cells (out of 842)
Stopping refining since too few cells selected.


Feature refinement iteration 0
------------------------------

Number of feature lines: 11
Number of feature points: 826
Marked for refinement due to explicit features             : 0 cells.
Determined cells to refine in = 0 s
Selected for feature refinement : 0 cells (out of 842)
Stopping refining since too few cells selected.


Surface refinement iteration 0
------------------------------

Marked for refinement due to surface intersection          : 8 cells.
Determined cells to refine in = 0 s
Selected for refinement : 8 cells (out of 842)
Edge intersection testing:
    Number of edges             : 3623
    Number of edges to retest   : 304
    Number of intersected edges : 12
Refined mesh in = 0 s
After refinement surface refinement iteration 0 : cells:898  faces:3623  points:1901
Cells per refinement level:
    0	794
    1	40
    2	64
Skipping balancing since max unbalance 0.06458797327 is less than allowable 0.1

Surface refinement iteration 1
------------------------------

Marked for refinement due to surface intersection          : 24 cells.
Determined cells to refine in = 0 s
Selected for refinement : 28 cells (out of 898)
Edge intersection testing:
    Number of edges             : 4301
    Number of edges to retest   : 942
    Number of intersected edges : 80
Refined mesh in = 0 s
After refinement surface refinement iteration 1 : cells:1094  faces:4301  points:2197
Cells per refinement level:
    0	794
    1	36
    2	72
    3	192
Balanced mesh in = 0.01 s

Surface refinement iteration 2
------------------------------

Marked for refinement due to surface intersection          : 116 cells.
Determined cells to refine in = 0 s
Selected for refinement : 145 cells (out of 1094)
Edge intersection testing:
    Number of edges             : 7694
    Number of edges to retest   : 4257
    Number of intersected edges : 456
Refined mesh in = 0.01 s
After refinement surface refinement iteration 2 : cells:2109  faces:7694  points:3584
Cells per refinement level:
    0	791
    1	54
    2	96
    3	272
    4	896
Balanced mesh in = 0.01 s

Surface refinement iteration 3
------------------------------

Marked for refinement due to surface intersection          : 584 cells.
Determined cells to refine in = 0 s
Selected for refinement : 623 cells (out of 2109)
Edge intersection testing:
    Number of edges             : 21728
    Number of edges to retest   : 17515
    Number of intersected edges : 1584
Refined mesh in = 0.03 s
After refinement surface refinement iteration 3 : cells:6470  faces:21728  points:8930
Cells per refinement level:
    0	790
    1	60
    2	108
    3	248
    4	784
    5	4480
Balanced mesh in = 0.01 s

Surface refinement iteration 4
------------------------------

Marked for refinement due to surface intersection          : 2624 cells.
Determined cells to refine in = 0 s
Selected for refinement : 2744 cells (out of 6470)
Edge intersection testing:
    Number of edges             : 82901
    Number of edges to retest   : 76044
    Number of intersected edges : 6720
Refined mesh in = 0.06 s
After refinement surface refinement iteration 4 : cells:25678  faces:82901  points:31725
Cells per refinement level:
    0	790
    1	56
    2	128
    3	320
    4	832
    5	3072
    6	20480
Balanced mesh in = 0.06 s

Surface refinement iteration 5
------------------------------

Marked for refinement due to surface intersection          : 11456 cells.
Determined cells to refine in = 0 s
Selected for refinement : 12086 cells (out of 25678)
Edge intersection testing:
    Number of edges             : 354227
    Number of edges to retest   : 339680
    Number of intersected edges : 28032
Refined mesh in = 0.2 s
After refinement surface refinement iteration 5 : cells:110280  faces:354227  points:134032
Cells per refinement level:
    0	790
    1	54
    2	140
    3	336
    4	896
    5	2784
    6	15680
    7	89600
Skipping balancing since max unbalance 0.07243380486 is less than allowable 0.1

Surface refinement iteration 6
------------------------------

Marked for refinement due to surface intersection          : 1248 cells.
Determined cells to refine in = 0.01 s
Selected for refinement : 1376 cells (out of 110280)
Edge intersection testing:
    Number of edges             : 385454
    Number of edges to retest   : 43649
    Number of intersected edges : 30976
Refined mesh in = 0.18 s
After refinement surface refinement iteration 6 : cells:119912  faces:385454  points:145944
Cells per refinement level:
    0	790
    1	54
    2	140
    3	336
    4	864
    5	2912
    6	15488
    7	99328
Balanced mesh in = 0.21 s

Surface refinement iteration 7
------------------------------

Marked for refinement due to surface intersection          : 64 cells.
Determined cells to refine in = 0.02 s
Selected for refinement : 64 cells (out of 119912)
Stopping refining since too few cells selected.


Proximity refinement iteration 0
------------------------------

Marked for refinement due to surface proximity : 0 cells.
Determined cells to refine in = 0 s
Selected for refinement : 0 cells (out of 119912)
Stopping refining since too few cells selected.


Removing mesh beyond surface intersections
------------------------------------------

Setting cellZones according to locationsInMesh:
Location : ( 0 0.2 0.4 )
    cellZone : none

For cellZone none found point ( 0 0.2 0.4 ) in global region 0 out of 2 regions.
Keeping all cells containing points 1(( 0 0.2 0.4 ))
Selected for keeping : 98408 cells.
Edge intersection testing:
    Number of edges             : 326765
    Number of edges to retest   : 25088
    Number of intersected edges : 30976

Shell refinement iteration 0
----------------------------

Marked for refinement due to distance to explicit features : 0 cells.
Marked for refinement due to refinement shells             : 17032 cells.
Determined cells to refine in = 0.29 s
Selected for internal refinement : 17032 cells (out of 98408)
Edge intersection testing:
    Number of edges             : 689279
    Number of edges to retest   : 538199
    Number of intersected edges : 30976
Refined mesh in = 0.27 s
After refinement coarse cell refinement iteration 0 : cells:217632  faces:689279  points:254401
Cells per refinement level:
    0	352
    1	3504
    2	432
    3	1120
    4	2688
    5	6912
    6	23296
    7	179328
Balanced mesh in = 0.41 s

Shell refinement iteration 1
----------------------------

Marked for refinement due to distance to explicit features : 0 cells.
Marked for refinement due to refinement shells             : 33764 cells.
Determined cells to refine in = 0.32 s
Selected for internal refinement : 33802 cells (out of 217632)
Edge intersection testing:
    Number of edges             : 1409207
    Number of edges to retest   : 971613
    Number of intersected edges : 30976
Refined mesh in = 0.53 s
After refinement coarse cell refinement iteration 1 : cells:454246  faces:1409207  points:501216
Cells per refinement level:
    0	352
    1	1340
    2	17312
    3	3456
    4	8960
    5	24314
    6	32816
    7	365696
Balanced mesh in = 0.85 s

Shell refinement iteration 2
----------------------------

Marked for refinement due to distance to explicit features : 0 cells.
Marked for refinement due to refinement shells             : 52404 cells.
Determined cells to refine in = 0.62 s
Selected for internal refinement : 54182 cells (out of 454246)
Edge intersection testing:
    Number of edges             : 2565074
    Number of edges to retest   : 1521072
    Number of intersected edges : 30976
Refined mesh in = 0.98 s
After refinement coarse cell refinement iteration 2 : cells:833520  faces:2565074  points:898689
Cells per refinement level:
    0	352
    1	1340
    2	8224
    3	72704
    4	27648
    5	93608
    6	21612
    7	608032
Balanced mesh in = 1.47 s

Shell refinement iteration 3
----------------------------

Marked for refinement due to distance to explicit features : 0 cells.
Marked for refinement due to refinement shells             : 57676 cells.
Determined cells to refine in = 1.22 s
Selected for internal refinement : 58626 cells (out of 833520)
Edge intersection testing:
    Number of edges             : 3817148
    Number of edges to retest   : 1598806
    Number of intersected edges : 30976
Refined mesh in = 1.85 s
After refinement coarse cell refinement iteration 3 : cells:1243902  faces:3817148  points:1330131
Cells per refinement level:
    0	352
    1	1340
    2	8224
    3	42272
    4	250112
    5	260594
    6	22960
    7	658048
Balanced mesh in = 2.33 s

Shell refinement iteration 4
----------------------------

Marked for refinement due to distance to explicit features : 0 cells.
Marked for refinement due to refinement shells             : 46816 cells.
Determined cells to refine in = 1.74 s
Selected for internal refinement : 47570 cells (out of 1243902)
Edge intersection testing:
    Number of edges             : 4827665
    Number of edges to retest   : 1249874
    Number of intersected edges : 30976
Refined mesh in = 2 s
After refinement coarse cell refinement iteration 4 : cells:1576892  faces:4827665  points:1674722
Cells per refinement level:
    0	352
    1	1340
    2	8224
    3	42272
    4	203616
    5	631808
    6	28672
    7	660608
Balanced mesh in = 2.6 s

Shell refinement iteration 5
----------------------------

Marked for refinement due to distance to explicit features : 0 cells.
Marked for refinement due to refinement shells             : 0 cells.
Determined cells to refine in = 2.23 s
Selected for internal refinement : 160 cells (out of 1576892)
Edge intersection testing:
    Number of edges             : 4831136
    Number of edges to retest   : 11246
    Number of intersected edges : 30976
Refined mesh in = 1.37 s
After refinement coarse cell refinement iteration 5 : cells:1578012  faces:4831136  points:1675954
Cells per refinement level:
    0	352
    1	1340
    2	8224
    3	42272
    4	203616
    5	631648
    6	29952
    7	660608
Skipping balancing since max unbalance 0.0008466348798 is less than allowable 0.1

Shell refinement iteration 6
----------------------------

Marked for refinement due to distance to explicit features : 0 cells.
Marked for refinement due to refinement shells             : 0 cells.
Determined cells to refine in = 2.01 s
Selected for internal refinement : 0 cells (out of 1578012)
Stopping refining since too few cells selected.


Dangling cells refinement iteration 0
-------------------------------------

Determined cells to refine in = 0.05 s
Selected for refinement : 0 cells (out of 1578012)

Splitting mesh at surface intersections
---------------------------------------

Introducing baffles for 30976 faces that are intersected by the surface.

Setting cellZones according to locationsInMesh:
Location : ( 0 0.2 0.4 )
    cellZone : none

For cellZone none found point ( 0 0.2 0.4 ) in global region 0 out of 2 regions.
Edge intersection testing:
    Number of edges             : 4862112
    Number of edges to retest   : 220834
    Number of intersected edges : 61952
Created baffles in = 1.44 s


After introducing baffles : cells:1578012  faces:4862112  points:1675954
Cells per refinement level:
    0	352
    1	1340
    2	8224
    3	42272
    4	203616
    5	631648
    6	29952
    7	660608

Introducing baffles to block off problem cells
----------------------------------------------

markFacesOnProblemCells : marked 51643 additional internal faces to be converted into baffles.
Analyzed problem cells in = 0.64 s


Introducing baffles to delete problem cells.

Edge intersection testing:
    Number of edges             : 4913368
    Number of edges to retest   : 156677
    Number of intersected edges : 61952
Created baffles in = 1.15 s


After introducing baffles : cells:1578012  faces:4913368  points:1676343
Cells per refinement level:
    0	352
    1	1340
    2	8224
    3	42272
    4	203616
    5	631648
    6	29952
    7	660608
Setting cellZones according to locationsInMesh:
Location : ( 0 0.2 0.4 )
    cellZone : none

For cellZone none found point ( 0 0.2 0.4 ) in global region 0 out of 25603 regions.
Edge intersection testing:
    Number of edges             : 4913368
    Number of edges to retest   : 114391
    Number of intersected edges : 61952

Remove unreachable sections of mesh
-----------------------------------

Keeping all cells containing points 1(( 0 0.2 0.4 ))
Selected for keeping : 1548316 cells.
Split mesh in = 2.49 s


After subsetting : cells:1548316  faces:4744888  points:1648864
Cells per refinement level:
    0	352
    1	1340
    2	8224
    3	42272
    4	203616
    5	631648
    6	29952
    7	630912

Introducing zones for interfaces
--------------------------------

Setting cellZones according to locationsInMesh:
Location : ( 0 0.2 0.4 )
    cellZone : none

For cellZone none found point ( 0 0.2 0.4 ) in global region 0 out of 1 regions.

Excluding small regions from zone
---------------------------------

Setting faceZones according to neighbouring cellZones:


Handling cells with snap problems
---------------------------------

Introducing baffles for 31232 faces that are intersected by the surface.

Setting cellZones according to locationsInMesh:
Location : ( 0 0.2 0.4 )
    cellZone : none

For cellZone none found point ( 0 0.2 0.4 ) in global region 0 out of 1 regions.
Edge intersection testing:
    Number of edges             : 4744888
    Number of edges to retest   : 114391
    Number of intersected edges : 31232
Created baffles in = 2.59 s


After introducing baffles : cells:1548316  faces:4744888  points:1648864
Cells per refinement level:
    0	352
    1	1340
    2	8224
    3	42272
    4	203616
    5	631648
    6	29952
    7	630912

Introducing baffles to block off problem cells
----------------------------------------------

markFacesOnProblemCells : marked 0 additional internal faces to be converted into baffles.
Analyzed problem cells in = 0.62 s


Introducing baffles to delete problem cells.

Created baffles in = 0.07 s


After introducing baffles : cells:1548316  faces:4744888  points:1648864
Cells per refinement level:
    0	352
    1	1340
    2	8224
    3	42272
    4	203616
    5	631648
    6	29952
    7	630912
Setting cellZones according to locationsInMesh:
Location : ( 0 0.2 0.4 )
    cellZone : none

For cellZone none found point ( 0 0.2 0.4 ) in global region 0 out of 1 regions.
Edge intersection testing:
    Number of edges             : 4744888
    Number of edges to retest   : 114391
    Number of intersected edges : 31232

Remove unreachable sections of mesh
-----------------------------------

Split mesh in = 1.44 s


After subsetting : cells:1548316  faces:4744888  points:1648864
Cells per refinement level:
    0	352
    1	1340
    2	8224
    3	42272
    4	203616
    5	631648
    6	29952
    7	630912

Merge free-standing baffles
---------------------------

freeStandingBaffles : detected 128 free-standing baffles out of 256

freeStandingBaffles : detected 0 planar (within -60 degrees) free-standing baffles out of 128

Detected free-standing baffles : 0
Merged free-standing baffles in = 0.11 s


Merging single couples
Merging 0 coupled faces
dupNonManifoldPoints : Found : 258 non-manifold points (out of 1671011)
Detected unsplittable baffles : 0

Merge refined boundary faces
----------------------------

Merging 0 sets of faces.

No faces merged ...

Merging all points on surface that
- are used by only two boundary faces and
- make an angle with a cosine of more than -1.

No straight edges simplified and no points removed ...

Doing final balancing
---------------------

Found 0 zoned faces to keep together.
Found 0 separated coupled faces to keep together.
dupNonManifoldPoints : Found : 0 non-manifold points (out of 1671643)
Mesh refined in = 41 s.
Total meshing time to this stage = 41 s.

Morphing phase
--------------

Duplicating 0 points on faceZones of type boundary
Checking initial mesh ...
Checking faces in error :
    non-orthogonality > 70  degrees                        : 0
    faces with face pyramid volume < 1e-16                 : 0
    faces with concavity > 80  degrees                     : 0
    faces with area < 1e-13 m^2                            : 0
    faces with skewness > 6   (internal) or 20  (boundary) : 0
    faces with interpolation weights (0..1)  < 0.08        : 0
    faces with volume ratio of neighbour cells < 0.02      : 0
    faces with face twist < 0.05                           : 0
    faces on cells with determinant < 0.0001               : 0
Detected 0 illegal faces (concave, zero area or negative cell pyramid volume)
Checked initial mesh in = 0.74 s


Smoothing patch points ...
Smoothing iteration 0
Found 516 non-manifold point(s).

Scaling iteration 0
Moving mesh using displacement scaling : min:1  max:1
Checking faces in error :
    non-orthogonality > 70  degrees                        : 0
    faces with face pyramid volume < 1e-16                 : 0
    faces with concavity > 80  degrees                     : 0
    faces with area < 1e-13 m^2                            : 0
    faces with skewness > 6   (internal) or 20  (boundary) : 0
    faces with interpolation weights (0..1)  < 0.08        : 0
    faces with volume ratio of neighbour cells < 0.02      : 0
    faces with face twist < 0.05                           : 0
    faces on cells with determinant < 0.0001               : 0
Successfully moved mesh

Smoothing iteration 1
Found 0 non-manifold point(s).

Scaling iteration 0
Moving mesh using displacement scaling : min:1  max:1
Checking faces in error :
    non-orthogonality > 70  degrees                        : 0
    faces with face pyramid volume < 1e-16                 : 0
    faces with concavity > 80  degrees                     : 0
    faces with area < 1e-13 m^2                            : 0
    faces with skewness > 6   (internal) or 20  (boundary) : 0
    faces with interpolation weights (0..1)  < 0.08        : 0
    faces with volume ratio of neighbour cells < 0.02      : 0
    faces with face twist < 0.05                           : 0
    faces on cells with determinant < 0.0001               : 0
Successfully moved mesh

Patch points smoothed in = 2.51 s


Merging 2818 sets of faces.

Edge intersection testing:
    Number of edges             : 4742070
    Number of edges to retest   : 11296
    Number of intersected edges : 28414

Undo iteration 0
----------------
Checking faces in error :
    non-orthogonality > 70  degrees                        : 0
    faces with face pyramid volume < 1e-16                 : 0
    faces with concavity > 80  degrees                     : 0
    faces with area < 1e-13 m^2                            : 0
    faces with skewness > 6   (internal) or 20  (boundary) : 0
    faces with interpolation weights (0..1)  < 0.08        : 0
    faces with volume ratio of neighbour cells < 0.02      : 0
    faces with face twist < 0.05                           : 0
    faces on cells with determinant < 0.0001               : 0

Merging all points on surface that
- are used by only two boundary faces and
- make an angle with a cosine of more than -1.

Removing 2840 straight edge points ...

Edge intersection testing:
    Number of edges             : 4742070
    Number of edges to retest   : 11296
    Number of intersected edges : 27904

Undo iteration 0
----------------
Checking faces in error :
    non-orthogonality > 70  degrees                        : 0
    faces with face pyramid volume < 1e-16                 : 0
    faces with concavity > 80  degrees                     : 0
    faces with area < 1e-13 m^2                            : 0
    faces with skewness > 6   (internal) or 20  (boundary) : 0
    faces with interpolation weights (0..1)  < 0.08        : 0
    faces with volume ratio of neighbour cells < 0.02      : 0
    faces with face twist < 0.05                           : 0
    faces on cells with determinant < 0.0001               : 0
snappySnapDriver : Snap to Preserve Surface Features
Snapping iteration: 0
Snapping iteration: 10
Checking faces in error :
    non-orthogonality > 70  degrees                        : 0
    faces with face pyramid volume < 1e-16                 : 0
    faces with concavity > 80  degrees                     : 0
    faces with area < 1e-13 m^2                            : 0
    faces with skewness > 6   (internal) or 20  (boundary) : 0
    faces with interpolation weights (0..1)  < 0.08        : 0
    faces with volume ratio of neighbour cells < 0.02      : 0
    faces on cells with determinant < 0.0001               : 0
Snapping iteration: 20
Checking faces in error :
    non-orthogonality > 70  degrees                        : 0
    faces with face pyramid volume < 1e-16                 : 0
    faces with concavity > 80  degrees                     : 0
    faces with area < 1e-13 m^2                            : 0
    faces with skewness > 6   (internal) or 20  (boundary) : 0
    faces with interpolation weights (0..1)  < 0.08        : 0
    faces with volume ratio of neighbour cells < 0.02      : 0
    faces on cells with determinant < 0.0001               : 0
Snapping iteration: 30
Checking faces in error :
    non-orthogonality > 70  degrees                        : 0
    faces with face pyramid volume < 1e-16                 : 0
    faces with concavity > 80  degrees                     : 0
    faces with area < 1e-13 m^2                            : 0
    faces with skewness > 6   (internal) or 20  (boundary) : 0
    faces with interpolation weights (0..1)  < 0.08        : 0
    faces with volume ratio of neighbour cells < 0.02      : 0
    faces on cells with determinant < 0.0001               : 0
Snapping iteration: 40
Checking faces in error :
    non-orthogonality > 70  degrees                        : 0
    faces with face pyramid volume < 1e-16                 : 0
    faces with concavity > 80  degrees                     : 0
    faces with area < 1e-13 m^2                            : 0
    faces with skewness > 6   (internal) or 20  (boundary) : 0
    faces with interpolation weights (0..1)  < 0.08        : 0
    faces with volume ratio of neighbour cells < 0.02      : 0
    faces on cells with determinant < 0.0001               : 0
Snapping iteration: 50
Checking faces in error :
    non-orthogonality > 70  degrees                        : 0
    faces with face pyramid volume < 1e-16                 : 0
    faces with concavity > 80  degrees                     : 0
    faces with area < 1e-13 m^2                            : 0
    faces with skewness > 6   (internal) or 20  (boundary) : 0
    faces with interpolation weights (0..1)  < 0.08        : 0
    faces with volume ratio of neighbour cells < 0.02      : 0
    faces on cells with determinant < 0.0001               : 0
Snap to preserve surface features in 17.94s

snappyHexMeshDriver: Smoothing displaced mesh interior points ...
Finished smoothing displaced mesh in = 2.92 s.
Moving mesh ...

Iteration 0
Moving mesh using displacement scaling : min:1  max:1
Checking faces in error :
    non-orthogonality > 70  degrees                        : 0
    faces with face pyramid volume < 1e-16                 : 0
    faces with concavity > 80  degrees                     : 0
    faces with area < 1e-13 m^2                            : 0
    faces with skewness > 6   (internal) or 20  (boundary) : 0
    faces with interpolation weights (0..1)  < 0.08        : 0
    faces with volume ratio of neighbour cells < 0.02      : 0
    faces with face twist < 0.05                           : 0
    faces on cells with determinant < 0.0001               : 0
Successfully moved mesh
Moved mesh in = 0.67 s


Calculating patchDisplacement as distance to nearest surface point ...
Wanted displacement : average:9.832426704e-06 min:3.248155185e-10 max:0.00024972979
Calculated surface displacement in = 0.09 s


--> HELYX Warning : Displacement ( 1.097619459e-07 -5.551115123e-17 2.727596162e-07 ) at mesh point 6392 coord ( 0.05931772324 0.3937616139 -0.0110521056 ) points through the surrounding patch faces
snappyHexMeshDriver: Smoothing displaced mesh interior points ...
Finished smoothing displaced mesh in = 2.54 s.
Moving mesh ...

Iteration 0
Moving mesh using displacement scaling : min:1  max:1
Checking faces in error :
    non-orthogonality > 70  degrees                        : 0
    faces with face pyramid volume < 1e-16                 : 0
    faces with concavity > 80  degrees                     : 0
    faces with area < 1e-13 m^2                            : 0
    faces with skewness > 6   (internal) or 20  (boundary) : 0
    faces with interpolation weights (0..1)  < 0.08        : 0
    faces with volume ratio of neighbour cells < 0.02      : 0
    faces with face twist < 0.05                           : 0
    faces on cells with determinant < 0.0001               : 0
Successfully moved mesh
Moved mesh in = 0.69 s



Checking faces are correctly patched
------------------------------------

Merging 0 sets of faces.

No faces merged ...

Merging all points on surface that
- are used by only two boundary faces and
- make an angle with a cosine of more than -1.

No straight edges simplified and no points removed ...
Preparing feature lines for direct snapping
-------------------------------------------

 Converting refinement feature meshes to feature lines

Feature lines prepared in 0s

Finding optimal points for direct feature snapping
--------------------------------------------------

 Building node chains
 Filtering out duplicates
  Before removing duplications: 2 chains
  After removing duplications : 1 chains
 Cleaning up results
Filtering 2 points.
Filtering 0 points.
Checking faces in error :
    non-orthogonality > 70  degrees                        : 0
    faces with face pyramid volume < 1e-16                 : 0
    faces with concavity > 80  degrees                     : 0
    faces with area < 1e-13 m^2                            : 0
    faces with skewness > 6   (internal) or 20  (boundary) : 0
    faces with interpolation weights (0..1)  < 0.08        : 0
    faces with volume ratio of neighbour cells < 0.02      : 0
    faces with face twist < 0.05                           : 0
    faces on cells with determinant < 0.0001               : 0
Moving mesh ...

Iteration 0
Moving mesh using displacement scaling : min:1  max:1
Checking faces in error :
    non-orthogonality > 70  degrees                        : 0
    faces with face pyramid volume < 1e-16                 : 0
    faces with concavity > 80  degrees                     : 0
    faces with area < 1e-13 m^2                            : 0
    faces with skewness > 6   (internal) or 20  (boundary) : 0
    faces with interpolation weights (0..1)  < 0.08        : 0
    faces with volume ratio of neighbour cells < 0.02      : 0
    faces with face twist < 0.05                           : 0
    faces on cells with determinant < 0.0001               : 0
Successfully moved mesh
Moved mesh in = 3.2 s


Feature shadow chains constructed in 3.22s


Trying to smooth sliver faces
-----------------------------

Number of sliver points to smooth : 0

Merging all faces of a cell
---------------------------
    - which are on the same patch
    - which make an angle < 45 degrees
      (cos:0.9396926208)
    - as long as the resulting face doesn't become concave by more than  80 degrees
      (0=straight, 180=fully concave)

Merging 894 sets of faces.


Undo iteration 0
----------------
Checking faces in error :
    non-orthogonality > 70  degrees                        : 0
    faces with face pyramid volume < 1e-16                 : 0
    faces with concavity > 80  degrees                     : 0
    faces with area < 1e-13 m^2                            : 0
    faces with skewness > 6   (internal) or 20  (boundary) : 0
    faces with interpolation weights (0..1)  < 0.08        : 0
    faces with volume ratio of neighbour cells < 0.02      : 0
    faces with face twist < 0.05                           : 0
    faces on cells with determinant < 0.0001               : 0

Merging all points on surface that
- are used by only two boundary faces and
- make an angle with a cosine of more than -1.

Removing 901 straight edge points ...


Undo iteration 0
----------------
Checking faces in error :
    non-orthogonality > 70  degrees                        : 0
    faces with face pyramid volume < 1e-16                 : 0
    faces with concavity > 80  degrees                     : 0
    faces with area < 1e-13 m^2                            : 0
    faces with skewness > 6   (internal) or 20  (boundary) : 0
    faces with interpolation weights (0..1)  < 0.08        : 0
    faces with volume ratio of neighbour cells < 0.02      : 0
    faces with face twist < 0.05                           : 0
    faces on cells with determinant < 0.0001               : 0

Splitting degenerate cell faces
-------------------------------

Edge collapsing Iter: 0
Correcting concave faces 
Checking faces in error :
    non-orthogonality > 70  degrees                        : 0
    faces with face pyramid volume < 1e-16                 : 0
    faces with concavity > 80  degrees                     : 0
    faces with area < 1e-13 m^2                            : 0
    faces with skewness > 6   (internal) or 20  (boundary) : 0
    faces with interpolation weights (0..1)  < 0.08        : 0
    faces with volume ratio of neighbour cells < 0.02      : 0
    faces with face twist < 0.05                           : 0
    faces on cells with determinant < 0.0001               : 0
Moving mesh ...

Iteration 0
Moving mesh using displacement scaling : min:1  max:1
Checking faces in error :
    non-orthogonality > 70  degrees                        : 0
    faces with face pyramid volume < 1e-16                 : 0
    faces with concavity > 80  degrees                     : 0
    faces with area < 1e-13 m^2                            : 0
    faces with skewness > 6   (internal) or 20  (boundary) : 0
    faces with interpolation weights (0..1)  < 0.08        : 0
    faces with volume ratio of neighbour cells < 0.02      : 0
    faces with face twist < 0.05                           : 0
    faces on cells with determinant < 0.0001               : 0
Successfully moved mesh
Moved mesh in = 5.85 s



Checking faces are correctly patched
------------------------------------


Merging all faces of a cell
---------------------------
    - which are on the same patch
    - which make an angle < 45 degrees
      (cos:0.9396926208)
    - as long as the resulting face doesn't become concave by more than  80 degrees
      (0=straight, 180=fully concave)

Merging 0 sets of faces.

No faces merged ...

Merging all points on surface that
- are used by only two boundary faces and
- make an angle with a cosine of more than -1.

No straight edges simplified and no points removed ...

Cleaning up final snapped mesh
------------------------------

Checking faces in error :
    non-orthogonality > 70  degrees                        : 0
    faces with face pyramid volume < 1e-16                 : 0
    faces with concavity > 80  degrees                     : 0
    faces with area < 1e-13 m^2                            : 0
    faces with skewness > 6   (internal) or 20  (boundary) : 0
    faces with interpolation weights (0..1)  < 0.08        : 0
    faces with volume ratio of neighbour cells < 0.02      : 0
    faces with face twist < 0.05                           : 0
    faces on cells with determinant < 0.0001               : 0
Removing 0 hanging nodes
Finished snapping stage in = 44.68 s.
Total meshing time to this stage = 84.09 s.

Shrinking and layer addition phase
----------------------------------

Using mesh parameters 
{
    maxNonOrtho     70;
    maxBoundarySkewness 20;
    maxInternalSkewness 6;
    maxConcave      80;
    minFlatness     0.5;
    minVol          1e-16;
    minTetQuality   -1e+30;
    minArea         1e-13;
    minTwist        0.05;
    minDeterminant  0.0001;
    minFaceWeight   0.08;
    minVolRatio     0.02;
    angle           0;
    errorReduction  0.75;
    nSmoothScale    10;
    minVolCollapseRatio -1;
    faceFaceCells   false;
    minSnapRelativeVolume -1;
    smoothAlignedEdges false;
    minSnapRelativeTetVolume -1;
    maxGaussGreenCentroid -1;
    nVolSmoothIter  8;
    maxCellAspectRatio -1;
    maxFaceCentreNonOrtho 180;
    minEdgeLength   -1;
}



Checking mesh manifoldness ...

Checking initial mesh ...
Checking faces in error :
    non-orthogonality > 70  degrees                        : 0
    faces with face pyramid volume < 1e-16                 : 0
    faces with concavity > 80  degrees                     : 0
    faces with area < 1e-13 m^2                            : 0
    faces with skewness > 6   (internal) or 20  (boundary) : 0
    faces with interpolation weights (0..1)  < 0.08        : 0
    faces with volume ratio of neighbour cells < 0.02      : 0
    faces with face twist < 0.05                           : 0
    faces on cells with determinant < 0.0001               : 0
Detected 0 illegal faces (concave, zero area or negative cell pyramid volume)
Duplicating 0 points on faceZones of type boundary
Patch Inlet cannot be grown up since has no grown neighbour
Patch Outlet cannot be grown up since has no grown neighbour
Patch Back chosen for growing up
Patch Front chosen for growing up
Patch Bottom cannot be grown up since has no grown neighbour
Patch Top cannot be grown up since has no grown neighbour
dupNonManifoldPoints : Found : 0 non-manifold points (out of 1667902)

Handling feature edges ...
Set displacement to zero for points on 0 feature edges

Handling cells with warped patch faces ...
Set displacement to zero on 0 warped faces since layer would be > 2 of the size of the bounding box.
Set displacement to zero on 0 non manifold edges.
Set displacement to zero on 0 problem grown up points
Set displacement to zero on 0 faces and edges with single baffle extrusions and zero sized edges

patch  faces    layers avg thickness[m]
                       near-wall overall
-----  -----    ------ --------- -------
e423_0 27520    10     0.00015   0.005   

Selecting externalDisplacementMeshMover displacementMedialAxis
displacementMedialAxis : Calculating distance to Medial Axis ...
fieldSmoother : Smoothing normals ...
    Iteration 0   residual 0.00505
fieldSmoother : Smoothing normals in interior ...
    Iteration 0   residual 0.00826

Layer addition iteration 1
--------------------------

Determining displacement for added points according to pointNormal ...
Detected 127 points with point normal pointing through faces.
Reset displacement at 127 points to average of surrounding points.

displacementMedialAxis : Smoothing using Medial Axis ...
displacementMedialAxis : Reducing layer thickness at 0 nodes where thickness to medial axis distance is large 
displacementMedialAxis : Removing isolated regions ...
- if partially extruded faces make angle < 80
- if exclusively surrounded by non-extruded faces
displacementMedialAxis : Number of isolated points extrusion stopped : 0
fieldSmoother : Smoothing field ...
    Iteration 0   residual 0
snappyHexMeshDriver: Smoothing displaced mesh interior points ...
Finished smoothing displaced mesh in = 2.87 s.
displacementMedialAxis : Moving mesh ...
displacementMedialAxis : Iteration 0
Moving mesh using displacement scaling : min:1  max:1
Checking faces in error :
    non-orthogonality > 70  degrees                        : 0
    faces with face pyramid volume < 1e-16                 : 0
    faces with concavity > 80  degrees                     : 0
    faces with area < 1e-13 m^2                            : 0
    faces with skewness > 6   (internal) or 20  (boundary) : 0
    faces with interpolation weights (0..1)  < 0.08        : 0
    faces with volume ratio of neighbour cells < 0.02      : 0
    faces with face twist < 0.05                           : 0
    faces on cells with determinant < 0.0001               : 0
displacementMedialAxis : Successfully moved mesh
displacementMedialAxis : Finished moving mesh ...
stopNonConsecutiveExtrusion : Unextruded 0 faces due to non-consecutive vertices being extruded.
stopNonConsecutiveExtrusion : Unextruded 0 faces due to stringed edges with inconsistent extrusion.
stopNonConsecutiveExtrusion : Unextruded 0 faces due to non-consecutive vertices being extruded.
stopNonConsecutiveExtrusion : Unextruded 0 faces due to stringed edges with inconsistent extrusion.
Prevented extrusion on 0 points due to failure to split face.

stopNonConsecutiveExtrusion : Unextruded 0 faces due to non-consecutive vertices being extruded.
stopNonConsecutiveExtrusion : Unextruded 0 faces due to stringed edges with inconsistent extrusion.

Setting up information for layer truncation ...

Adding in total 0 inter-processor patches to handle extrusion of non-manifold processor boundaries.
Detected 0 baffles across faceZones of type internal


Checking mesh with layer ...
Checking faces in error :
    non-orthogonality > 70  degrees                        : 0
    faces with face pyramid volume < 1e-16                 : 0
    faces with concavity > 80  degrees                     : 0
    faces with area < 1e-13 m^2                            : 0
    faces with skewness > 6   (internal) or 20  (boundary) : 755
    faces with interpolation weights (0..1)  < 0.08        : 0
    faces with volume ratio of neighbour cells < 0.02      : 0
    faces with face twist < 0.05                           : 0
    faces on cells with determinant < 0.0001               : 0
Detected 755 illegal faces (concave, zero area or negative cell pyramid volume)
Extruding 27264 out of 27520 faces (99.1%). Removed extrusion at 192 faces.
Layer iteration performed in 8.81s


Layer addition iteration 2
--------------------------

Determining displacement for added points according to pointNormal ...
Detected 0 points with point normal pointing through faces.
Reset displacement at 0 points to average of surrounding points.

displacementMedialAxis : Smoothing using Medial Axis ...
displacementMedialAxis : Reducing layer thickness at 0 nodes where thickness to medial axis distance is large 
displacementMedialAxis : Removing isolated regions ...
- if partially extruded faces make angle < 80
- if exclusively surrounded by non-extruded faces
displacementMedialAxis : Number of isolated points extrusion stopped : 0
fieldSmoother : Smoothing field ...
    Iteration 0   residual 1.08e-05
snappyHexMeshDriver: Smoothing displaced mesh interior points ...
Finished smoothing displaced mesh in = 2.67 s.
displacementMedialAxis : Moving mesh ...
displacementMedialAxis : Iteration 0
Moving mesh using displacement scaling : min:1  max:1
Checking faces in error :
    non-orthogonality > 70  degrees                        : 0
    faces with face pyramid volume < 1e-16                 : 0
    faces with concavity > 80  degrees                     : 0
    faces with area < 1e-13 m^2                            : 0
    faces with skewness > 6   (internal) or 20  (boundary) : 0
    faces with interpolation weights (0..1)  < 0.08        : 0
    faces with volume ratio of neighbour cells < 0.02      : 0
    faces with face twist < 0.05                           : 0
    faces on cells with determinant < 0.0001               : 0
displacementMedialAxis : Successfully moved mesh
displacementMedialAxis : Finished moving mesh ...
stopNonConsecutiveExtrusion : Unextruded 0 faces due to non-consecutive vertices being extruded.
stopNonConsecutiveExtrusion : Unextruded 0 faces due to stringed edges with inconsistent extrusion.
stopNonConsecutiveExtrusion : Unextruded 0 faces due to non-consecutive vertices being extruded.
stopNonConsecutiveExtrusion : Unextruded 0 faces due to stringed edges with inconsistent extrusion.
Prevented extrusion on 0 points due to failure to split face.

stopNonConsecutiveExtrusion : Unextruded 0 faces due to non-consecutive vertices being extruded.
stopNonConsecutiveExtrusion : Unextruded 0 faces due to stringed edges with inconsistent extrusion.

Setting up information for layer truncation ...

Adding in total 0 inter-processor patches to handle extrusion of non-manifold processor boundaries.
Detected 0 baffles across faceZones of type internal


Checking mesh with layer ...
Checking faces in error :
    non-orthogonality > 70  degrees                        : 0
    faces with face pyramid volume < 1e-16                 : 0
    faces with concavity > 80  degrees                     : 0
    faces with area < 1e-13 m^2                            : 0
    faces with skewness > 6   (internal) or 20  (boundary) : 0
    faces with interpolation weights (0..1)  < 0.08        : 0
    faces with volume ratio of neighbour cells < 0.02      : 0
    faces with face twist < 0.05                           : 0
    faces on cells with determinant < 0.0001               : 0
Detected 0 illegal faces (concave, zero area or negative cell pyramid volume)
Extruding 27264 out of 27520 faces (99.1%). Removed extrusion at 0 faces.
Total number of layer cells: 261120
Finished layer stage in = 25.7 s.
Total meshing time to this stage = 110 s.

Extruding layer at selected boundary faces

Pre-balance before extruding
Found 0 zoned faces to keep together.
Found 0 separated coupled faces to keep together.
Extruding : extrude
Adding overall 0 processor patches.

Doing final balancing
---------------------

Selecting decompositionMethod ptscotch
Final mesh : cells:48264  faces:193901  points:98218
Cells per refinement level:
    0	352
    1	670
    2	2056
    3	5284
    4	12726
    5	19739
    6	468
    7	6969
Writing mesh to time 0
Wrote mesh in = 0.02 s.
Finished meshing in = 115 s.

Final Mesh Summary Report
-------------------------

Mesh stats
----------

    points:              99302
    edges:               245473
    faces:               194439
    internal faces:      96500
    cells:               48264
    layers cells:        261120
    layer coverage:      99.1 %
    boundary patches:    7
    point zones:         0
    face zones:          0
    cell zones:          0
    mesh regions:        1
    domain volume:       72.258
    domain bounding box: ( -4 0.4 -8 ) ( 15 0.6377 8 )

Overall number of cells of each type
------------------------------------

    hexahedra:  46908 (97.19 %)
    prisms:     29 (0.0601 %)
    wedges:     0 (0 %)
    pyramids:   0 (0 %)
    tet wedges: 0 (0 %)
    tetrahedra: 0 (0 %)
    polyhedra:  1327 (2.75 %)

Cells per refinement level
--------------------------

    0	352 (spacing: 400 mm)
    1	670 (spacing: 200 mm)
    2	2056 (spacing: 100 mm)
    3	5284 (spacing: 50 mm)
    4	12726 (spacing: 25 mm)
    5	19739 (spacing: 12.5 mm)
    6	468 (spacing: 6.25 mm)
    7	6969 (spacing: 3.12 mm)

Patch layer info
----------------

Key:  
First cell height (fch)
Final layer height (flh)
Total layer height (tlh)
Expansion ratio (exp)

patch  faces    layers fch (m)  flh (m)  tlh (m)  exp      coverage (%)
-----  -----    ------ -------  -------  -------  ---      ------------

e423_0 27520    9.53   0.000181 0.00112  0.00489  1.25      99.1    

Mesh quality
------------

    Point usage OK.
    Upper triangular ordering OK.
    Topological cell zip-up check OK.
    Face vertices OK.

    Boundary openness ( -5.27e-18 7.96e-14 4.57e-19 ) OK.
 *High aspect ratio cells found, Max aspect ratio: 1.65e+03, number of cells 505
    Minimum face area = 4.71e-07. Maximum face area = 0.38.  Face area magnitudes OK.
    Min volume = 1.12e-07. Max volume = 0.0903.  Total volume = 72.3.  Cell volumes OK.
    Mesh non-orthogonality Max: 36.5 average: 0.709
    Non-orthogonality check OK.
    Face pyramids OK.

Warning in 1 mesh checks.

Meshing time
------------

   Overall Meshing Time 109.87 sec (0.0305 hours).

   Performed mesh initialisation in 0.04 sec (0.0364 %).
   Performed mesh refinement in 39.41 sec (35.9 %).
   Performed mesh snapping in 44.68 sec (40.7 %).
   Performed mesh layers in 25.74 sec (23.4 %).

End

Finalising parallel run

--- INICIO COMANDO: mpirun -n 4 helyxHexMesh -parallel -overwrite ---
/*---------------------------------------------------------------------------*\
|       o        |                                                            |
|    o     o     |  HELYX (R) : Open-source CFD for Enterprise                |
|   o   O   o    |  Version : 4.4.1                                           |
|    o     o     |  ENGYS Ltd. <http://engys.com/>                            |
|       o        |                                                            |
\*---------------------------------------------------------------------------*/
Build  : 4.4.1-unknown
API    : 4.4.1
Arch   : "LSB;label=32;scalar=64"
Exec   : reconstructParMesh -constant
Date   : Jan 15 2026
Time   : 17:41:50
Host   : "tb133-VirtualBox"
PID    : 10374
I/O    : uncollated
Case   : /home/introcfd/Desktop/estudioAutomatizacionPerfiles/aleronTraseroV1
nProcs : 1
sigFpe : Enabling floating point exception trapping (HELYX_SIGFPE).
fileModificationChecking : Monitoring run-time modified files using timeStampMaster (fileModificationSkew 10)
allowSystemOperations : Allowing user-supplied system call operations

// * * * * * * * * * * * * * * * * * * * * * * * * * * * * * * * * * * * * * //
Create time

Merge tolerance : 1e-07
Write tolerance : 1e-10
Doing geometric matching on correct procBoundaries only.
This assumes a correct decomposition.
Found 4 processor directories

Reading database "aleronTraseroV1/processor0"
Reading database "aleronTraseroV1/processor1"
Reading database "aleronTraseroV1/processor2"
Reading database "aleronTraseroV1/processor3"
Time = constant



Reconstructing for mesh region0

Reading points from "aleronTraseroV1/processor0" for time = constant

Reading points from "aleronTraseroV1/processor1" for time = constant

Reading points from "aleronTraseroV1/processor2" for time = constant

Reading points from "aleronTraseroV1/processor3" for time = constant

Overall mesh bounding box  : ( -4 0.4 -8 ) ( 15 0.6377010467 8 )
Relative tolerance         : 1e-07
Absolute matching distance : 2.484062201e-06

Merging mesh 0 with 1
Merging mesh 2 with 3
Merging mesh 0 with 2
Reading mesh to add from "aleronTraseroV1/processor0" for time = constant


Reading mesh to add from "aleronTraseroV1/processor1" for time = constant


Reading mesh to add from "aleronTraseroV1/processor2" for time = constant


Reading mesh to add from "aleronTraseroV1/processor3" for time = constant


mergeSharedPoints : detected 0 points that are to be merged.

Writing merged mesh to "/home/introcfd/Desktop/estudioAutomatizacionPerfiles/aleronTraseroV1/constant"

Reconstructing the addressing from the processor meshes to the newly reconstructed mesh

Reading processor 0 mesh from "aleronTraseroV1/processor0"
Writing pointProcAddressing to "aleronTraseroV1/processor0/constant/polyMesh"
Writing faceProcAddressing to "aleronTraseroV1/processor0/constant/polyMesh"
Writing cellProcAddressing to "aleronTraseroV1/processor0/constant/polyMesh"

Reading processor 1 mesh from "aleronTraseroV1/processor1"
Writing pointProcAddressing to "aleronTraseroV1/processor1/constant/polyMesh"
Writing faceProcAddressing to "aleronTraseroV1/processor1/constant/polyMesh"
Writing cellProcAddressing to "aleronTraseroV1/processor1/constant/polyMesh"

Reading processor 2 mesh from "aleronTraseroV1/processor2"
Writing pointProcAddressing to "aleronTraseroV1/processor2/constant/polyMesh"
Writing faceProcAddressing to "aleronTraseroV1/processor2/constant/polyMesh"
Writing cellProcAddressing to "aleronTraseroV1/processor2/constant/polyMesh"

Reading processor 3 mesh from "aleronTraseroV1/processor3"
Writing pointProcAddressing to "aleronTraseroV1/processor3/constant/polyMesh"
Writing faceProcAddressing to "aleronTraseroV1/processor3/constant/polyMesh"
Writing cellProcAddressing to "aleronTraseroV1/processor3/constant/polyMesh"


End


--- INICIO COMANDO: reconstructParMesh -constant ---
/*---------------------------------------------------------------------------*\
|       o        |                                                            |
|    o     o     |  HELYX (R) : Open-source CFD for Enterprise                |
|   o   O   o    |  Version : 4.4.1                                           |
|    o     o     |  ENGYS Ltd. <http://engys.com/>                            |
|       o        |                                                            |
\*---------------------------------------------------------------------------*/
Build  : 4.4.1-unknown
API    : 4.4.1
Arch   : "LSB;label=32;scalar=64"
Exec   : caseSetup
Date   : Jan 15 2026
Time   : 17:41:50
Host   : "tb133-VirtualBox"
PID    : 10386
I/O    : uncollated
Case   : /home/introcfd/Desktop/estudioAutomatizacionPerfiles/aleronTraseroV1
nProcs : 1
sigFpe : Enabling floating point exception trapping (HELYX_SIGFPE).
fileModificationChecking : Monitoring run-time modified files using timeStampMaster (fileModificationSkew 10)
allowSystemOperations : Allowing user-supplied system call operations

// * * * * * * * * * * * * * * * * * * * * * * * * * * * * * * * * * * * * * //

Create time


Defining regions
================
region0 : segregatedS


Writing dictionaries
====================
Writing "system/fvSchemes"
Writing "system/fvSolution"
Writing "system/faSchemes"
Writing "system/faSolution"
Writing "system/controlDict"
Writing "system/materialProperties"
Writing "system/fvOptions"
Writing "system/meshObjects"
Writing "constant/turbulenceProperties"
Writing "constant/g"
Writing "constant/regionProperties"

Storing existing fields
=======================
	k: not found
	omega: not found
	nut: not found
	p: not found
	U: not found
	rho: not found



Modifying boundary mesh
=======================
Modifying boundary patch: Outlet
Modifying boundary patch: Inlet
Modifying boundary patch: Front
Modifying boundary patch: Bottom
Modifying boundary patch: Top
Modifying boundary patch: e423_0
Modifying boundary patch: Back


Creating fields
===============

region0
----------------------------------------------------------------------------------------

Initialisation
--------------

   - U : fixedValue
   - k : turbulentIL
   - omega : turbulentIL
   - nut : turbulentIL
   - p : fixedValue
   - rho : equationOfState
Reading thermophysical properties


Material settings
-----------------

Selecting materials package "fluid".
pRef [1 -1 -2 0 0 0 0] 101325
TRef [0 0 0 1 0 0 0] 0
TConst [0 0 0 1 0 0 0] 300

Solver settings from material properties:
"isochoric" "incompressible" "constant Cv" "isotropic"

----------------------------------------------------------------------------------------


end


--- INICIO COMANDO: caseSetup ---
/*---------------------------------------------------------------------------*\
|       o        |                                                            |
|    o     o     |  HELYX (R) : Open-source CFD for Enterprise                |
|   o   O   o    |  Version : 4.4.1                                           |
|    o     o     |  ENGYS Ltd. <http://engys.com/>                            |
|       o        |                                                            |
\*---------------------------------------------------------------------------*/
Build  : 4.4.1-unknown
API    : 4.4.1
Arch   : "LSB;label=32;scalar=64"
Exec   : decomposePar
Date   : Jan 15 2026
Time   : 17:41:51
Host   : "tb133-VirtualBox"
PID    : 10390
I/O    : uncollated
Case   : /home/introcfd/Desktop/estudioAutomatizacionPerfiles/aleronTraseroV1
nProcs : 1
sigFpe : Enabling floating point exception trapping (HELYX_SIGFPE).
fileModificationChecking : Monitoring run-time modified files using timeStampMaster (fileModificationSkew 10)
allowSystemOperations : Allowing user-supplied system call operations

// * * * * * * * * * * * * * * * * * * * * * * * * * * * * * * * * * * * * * //
Create time



Decomposing mesh region0

Create mesh

Calculating distribution of cells
Selecting decompositionMethod hierarchical

Finished decomposition in 0.01 s

Calculating original mesh data

Distributing cells to processors

Distributing faces to processors

Distributing points to processors

Constructing processor meshes

Processor 0
    Number of cells = 12066
    Number of faces shared with processor 1 = 239
    Number of processor patches = 1
    Number of processor faces = 239
    Number of boundary faces = 24277

Processor 1
    Number of cells = 12066
    Number of faces shared with processor 0 = 239
    Number of faces shared with processor 2 = 186
    Number of processor patches = 2
    Number of processor faces = 425
    Number of boundary faces = 24244

Processor 2
    Number of cells = 12066
    Number of faces shared with processor 1 = 186
    Number of faces shared with processor 3 = 140
    Number of processor patches = 2
    Number of processor faces = 326
    Number of boundary faces = 24138

Processor 3
    Number of cells = 12066
    Number of faces shared with processor 2 = 140
    Number of processor patches = 1
    Number of processor faces = 140
    Number of boundary faces = 24204

Number of processor faces = 565
Max number of cells = 12066 (0% above average 12066)
Max number of processor patches = 2 (33.33333333% above average 1.5)
Max number of faces between processors = 425 (50.44247788% above average 282.5)

Time = 0

Processor 0: field transfer
Processor 1: field transfer
Processor 2: field transfer
Processor 3: field transfer

End


--- INICIO COMANDO: decomposePar ---
