/*---------------------------------------------------------------------------*\
|       o        |                                                            |
|    o     o     |  HELYX (R) : Open-source CFD for Enterprise                |
|   o   O   o    |  Version : 4.4.1                                           |
|    o     o     |  ENGYS Ltd. <http://engys.com/>                            |
|       o        |                                                            |
\*---------------------------------------------------------------------------*/
Build  : 4.4.1-unknown
API    : 4.4.1
Arch   : "LSB;label=32;scalar=64"
Exec   : blockMesh
Date   : Jan 15 2026
Time   : 18:37:46
Host   : "tb133-VirtualBox"
PID    : 12325
I/O    : uncollated
Case   : /home/introcfd/Desktop/estudioAutomatizacionPerfiles/aleronTraseroV1
nProcs : 1
sigFpe : Enabling floating point exception trapping (HELYX_SIGFPE).
fileModificationChecking : Monitoring run-time modified files using timeStampMaster (fileModificationSkew 10)
allowSystemOperations : Allowing user-supplied system call operations

// * * * * * * * * * * * * * * * * * * * * * * * * * * * * * * * * * * * * * //
Create time

Creating block mesh from
    "system/blockMeshDict"
Creating block edges
No non-planar block faces defined
Creating topology blocks
Creating topology patches

Reading patches section

Creating block mesh topology

Reading physicalType from existing boundary file

Default patch type set to empty

Check topology

	Basic statistics
		Number of internal faces : 0
		Number of boundary faces : 6
		Number of defined boundary faces : 6
		Number of undefined boundary faces : 0
	Checking patch -> block consistency

Creating block offsets
Creating merge list .

Creating polyMesh from blockMesh
Creating patches
Creating cells
Creating points with scale 1
    Block 0 cell size :
        i : 0.475 .. 0.475
        j : 0.4 .. 0.4
        k : 0.8 .. 0.8


Writing polyMesh with 0 cellZones
----------------
Mesh Information
----------------
  boundingBox: ( -4 0 -8 ) ( 15 0.4 8 )
  nPoints: 1722
  nCells: 800
  nFaces: 3260
  nInternalFaces: 1540
----------------
Patches
----------------
  patch 0 (start: 1540 size: 20) name: Inlet
  patch 1 (start: 1560 size: 20) name: Outlet
  patch 2 (start: 1580 size: 800) name: Back
  patch 3 (start: 2380 size: 800) name: Front
  patch 4 (start: 3180 size: 40) name: Bottom
  patch 5 (start: 3220 size: 40) name: Top

End


--- INICIO COMANDO: blockMesh ---
/*---------------------------------------------------------------------------*\
|       o        |                                                            |
|    o     o     |  HELYX (R) : Open-source CFD for Enterprise                |
|   o   O   o    |  Version : 4.4.1                                           |
|    o     o     |  ENGYS Ltd. <http://engys.com/>                            |
|       o        |                                                            |
\*---------------------------------------------------------------------------*/
Build  : 4.4.1-unknown
API    : 4.4.1
Arch   : "LSB;label=32;scalar=64"
Exec   : decomposePar
Date   : Jan 15 2026
Time   : 18:37:46
Host   : "tb133-VirtualBox"
PID    : 12327
I/O    : uncollated
Case   : /home/introcfd/Desktop/estudioAutomatizacionPerfiles/aleronTraseroV1
nProcs : 1
sigFpe : Enabling floating point exception trapping (HELYX_SIGFPE).
fileModificationChecking : Monitoring run-time modified files using timeStampMaster (fileModificationSkew 10)
allowSystemOperations : Allowing user-supplied system call operations

// * * * * * * * * * * * * * * * * * * * * * * * * * * * * * * * * * * * * * //
Create time



Decomposing mesh region0

Create mesh

Calculating distribution of cells
Selecting decompositionMethod hierarchical

Finished decomposition in 0 s

Calculating original mesh data

Distributing cells to processors

Distributing faces to processors

Distributing points to processors

Constructing processor meshes

Processor 0
    Number of cells = 200
    Number of faces shared with processor 1 = 20
    Number of processor patches = 1
    Number of processor faces = 20
    Number of boundary faces = 440

Processor 1
    Number of cells = 200
    Number of faces shared with processor 0 = 20
    Number of faces shared with processor 2 = 20
    Number of processor patches = 2
    Number of processor faces = 40
    Number of boundary faces = 420

Processor 2
    Number of cells = 200
    Number of faces shared with processor 1 = 20
    Number of faces shared with processor 3 = 20
    Number of processor patches = 2
    Number of processor faces = 40
    Number of boundary faces = 420

Processor 3
    Number of cells = 200
    Number of faces shared with processor 2 = 20
    Number of processor patches = 1
    Number of processor faces = 20
    Number of boundary faces = 440

Number of processor faces = 60
Max number of cells = 200 (0% above average 200)
Max number of processor patches = 2 (33.33333333% above average 1.5)
Max number of faces between processors = 40 (33.33333333% above average 30)

Time = 0

Processor 0: field transfer
Processor 1: field transfer
Processor 2: field transfer
Processor 3: field transfer

End


--- INICIO COMANDO: decomposePar ---
/*---------------------------------------------------------------------------*\
|       o        |                                                            |
|    o     o     |  HELYX (R) : Open-source CFD for Enterprise                |
|   o   O   o    |  Version : 4.4.1                                           |
|    o     o     |  ENGYS Ltd. <http://engys.com/>                            |
|       o        |                                                            |
\*---------------------------------------------------------------------------*/
Build  : 4.4.1-unknown
API    : 4.4.1
Arch   : "LSB;label=32;scalar=64"
Exec   : helyxHexMesh -parallel -overwrite
Date   : Jan 15 2026
Time   : 18:37:46
Host   : "tb133-VirtualBox"
PID    : 12333
I/O    : uncollated
Case   : /home/introcfd/Desktop/estudioAutomatizacionPerfiles/aleronTraseroV1
nProcs : 4
Slaves : 
3
(
"tb133-VirtualBox.12334"
"tb133-VirtualBox.12335"
"tb133-VirtualBox.12336"
)

Pstream initialized with:
    floatTransfer      : 0
    nProcsSimpleSum    : 0
    commsType          : nonBlocking
    polling iterations : 0
sigFpe : Enabling floating point exception trapping (HELYX_SIGFPE).
fileModificationChecking : Monitoring run-time modified files using timeStampMaster (fileModificationSkew 10)
allowSystemOperations : Allowing user-supplied system call operations

// * * * * * * * * * * * * * * * * * * * * * * * * * * * * * * * * * * * * * //
Creating "system/fvSchemes"
Creating "system/fvSolution"
Create time

Generating mesh region : region0

Using meshing algorithm: standard

Using meshing method: quality

Using block method: block

Selecting decompositionMethod hierarchical
Creating block edges
No non-planar block faces defined
Creating topology blocks
Creating topology patches

Reading patches section

Creating block mesh topology

Check topology

	Basic statistics
		Number of internal faces : 0
		Number of boundary faces : 6
		Number of defined boundary faces : 6
		Number of undefined boundary faces : 0
	Checking patch -> block consistency

Creating block offsets
Creating merge list .
Creating patches
Creating cells
Creating points with scale 1
    Block 0 cell size :
        i : 0.475 .. 0.475
        j : 0.4 .. 0.4
        k : 0.8 .. 0.8


Overall mesh bounding box  : ( -4 0 -8 ) ( 15 0.4 8 )
Relative tolerance         : 1e-06
Absolute matching distance : 2.484270517e-05


Reading geometry: VR1.stl

Reading geometry: VR2.stl

Reading geometry: VR3.stl

Reading geometry: VR4.stl

Reading geometry: VR5.stl

Reading geometry: e423_0.stl
Read refinement surfaces in = 0.02 s


Overall mesh bounding box  : ( -4 0 -8 ) ( 15 0.4 8 )
Relative tolerance         : 1e-06
Absolute matching distance : 2.484270517e-05

Creating refinement features.
Reading external feature lines.
Calculated refinement features in = 0 s
Reading refinement shells.
Refinement level ( 5 5 5 ) for all cells inside VR1.stl
Refinement level ( 4 4 4 ) for all cells inside VR2.stl
Refinement level ( 3 3 3 ) for all cells inside VR3.stl
Refinement level ( 2 2 2 ) for all cells inside VR4.stl
Refinement level ( 1 1 1 ) for all cells inside VR5.stl
Refinement level according to distance to e423_0.stl
    level ( 7 7 7 ) for all cells within (( 0.1 0.1 0.1 ) ( 0.1 0.1 0.1 )) metre.
Read refinement shells in = 0 s

Setting refinement level of surface to be consistent with shells.
Caching minimum level field
For geometry e423_0.stl detected 0 uncached triangles out of 1624
Checked shell refinement in = 0 s


Determining initial surface intersections
-----------------------------------------

Edge intersection testing:
    Number of edges             : 3260
    Number of edges to retest   : 3260
    Number of intersected edges : 1
Calculated surface intersections in = 0 s

Initial mesh : cells:800  faces:3260  points:1722
Cells per refinement level:
    0	800

Adding patches for surface regions
----------------------------------

Patch Type                Region                        
----- ----                ------                        
e423_0:

6     wall                e423_0                        

Added patches in = 0 s

Edge intersection testing:
    Number of edges             : 3260
    Number of edges to retest   : 0
    Number of intersected edges : 1

Snap parameters
---------------


Refinement phase
----------------


Initial refinement iteration 0
------------------------------

Marked for refinement due to surface bounding box seeding  : 6 cells.
Determined cells to refine in = 0 s
Selected for initial refinement : 6 cells (out of 800)
Edge intersection testing:
    Number of edges             : 3419
    Number of edges to retest   : 232
    Number of intersected edges : 2
Refined mesh in = 0 s
After refinement Initial refinement iteration 0 : cells:842  faces:3419  points:1803
Cells per refinement level:
    0	794
    1	48
Balanced mesh in = 0 s

Initial refinement iteration 1
------------------------------

Marked for refinement due to surface bounding box seeding  : 0 cells.
Determined cells to refine in = 0 s
Selected for initial refinement : 0 cells (out of 842)
Stopping refining since too few cells selected.


Feature refinement iteration 0
------------------------------

Number of feature lines: 11
Number of feature points: 826
Marked for refinement due to explicit features             : 0 cells.
Determined cells to refine in = 0 s
Selected for feature refinement : 0 cells (out of 842)
Stopping refining since too few cells selected.


Surface refinement iteration 0
------------------------------

Marked for refinement due to surface intersection          : 4 cells.
Determined cells to refine in = 0 s
Selected for refinement : 4 cells (out of 842)
Edge intersection testing:
    Number of edges             : 3527
    Number of edges to retest   : 178
    Number of intersected edges : 8
Refined mesh in = 0 s
After refinement surface refinement iteration 0 : cells:870  faces:3527  points:1860
Cells per refinement level:
    0	794
    1	44
    2	32
Skipping balancing since max unbalance 0.08965517241 is less than allowable 0.1

Surface refinement iteration 1
------------------------------

Marked for refinement due to surface intersection          : 16 cells.
Determined cells to refine in = 0 s
Selected for refinement : 24 cells (out of 870)
Edge intersection testing:
    Number of edges             : 4115
    Number of edges to retest   : 816
    Number of intersected edges : 68
Refined mesh in = 0 s
After refinement surface refinement iteration 1 : cells:1038  faces:4115  points:2122
Cells per refinement level:
    0	794
    1	36
    2	80
    3	128
Balanced mesh in = 0.02 s

Surface refinement iteration 2
------------------------------

Marked for refinement due to surface intersection          : 80 cells.
Determined cells to refine in = 0 s
Selected for refinement : 98 cells (out of 1038)
Edge intersection testing:
    Number of edges             : 6440
    Number of edges to retest   : 3032
    Number of intersected edges : 312
Refined mesh in = 0 s
After refinement surface refinement iteration 2 : cells:1724  faces:6440  points:3095
Cells per refinement level:
    0	792
    1	48
    2	92
    3	216
    4	576
Balanced mesh in = 0.01 s

Surface refinement iteration 3
------------------------------

Marked for refinement due to surface intersection          : 392 cells.
Determined cells to refine in = 0 s
Selected for refinement : 431 cells (out of 1724)
Edge intersection testing:
    Number of edges             : 16265
    Number of edges to retest   : 12509
    Number of intersected edges : 1456
Refined mesh in = 0.01 s
After refinement surface refinement iteration 3 : cells:4741  faces:16265  points:6920
Cells per refinement level:
    0	791
    1	54
    2	96
    3	248
    4	736
    5	2816
Balanced mesh in = 0.03 s

Surface refinement iteration 4
------------------------------

Marked for refinement due to surface intersection          : 2096 cells.
Determined cells to refine in = 0 s
Selected for refinement : 2259 cells (out of 4741)
Edge intersection testing:
    Number of edges             : 66527
    Number of edges to retest   : 61613
    Number of intersected edges : 6048
Refined mesh in = 0.05 s
After refinement surface refinement iteration 4 : cells:20554  faces:66527  points:25622
Cells per refinement level:
    0	790
    1	60
    2	104
    3	272
    4	800
    5	2912
    6	15616
Balanced mesh in = 0.04 s

Surface refinement iteration 5
------------------------------

Marked for refinement due to surface intersection          : 9072 cells.
Determined cells to refine in = 0.01 s
Selected for refinement : 9648 cells (out of 20554)
Edge intersection testing:
    Number of edges             : 286718
    Number of edges to retest   : 278924
    Number of intersected edges : 23584
Refined mesh in = 0.17 s
After refinement surface refinement iteration 5 : cells:88090  faces:286718  points:110841
Cells per refinement level:
    0	790
    1	52
    2	152
    3	344
    4	1056
    5	3328
    6	16320
    7	66048
Skipping balancing since max unbalance 0.03058235895 is less than allowable 0.1

Surface refinement iteration 6
------------------------------

Marked for refinement due to surface intersection          : 3616 cells.
Determined cells to refine in = 0.02 s
Selected for refinement : 3728 cells (out of 88090)
Edge intersection testing:
    Number of edges             : 369608
    Number of edges to retest   : 112454
    Number of intersected edges : 32064
Refined mesh in = 0.22 s
After refinement surface refinement iteration 6 : cells:114186  faces:369608  points:141499
Cells per refinement level:
    0	790
    1	52
    2	152
    3	344
    4	1040
    5	3264
    6	14336
    7	94208
Balanced mesh in = 0.21 s

Surface refinement iteration 7
------------------------------

Marked for refinement due to surface intersection          : 256 cells.
Determined cells to refine in = 0.01 s
Selected for refinement : 352 cells (out of 114186)
Edge intersection testing:
    Number of edges             : 377552
    Number of edges to retest   : 14707
    Number of intersected edges : 32640
Refined mesh in = 0.18 s
After refinement surface refinement iteration 7 : cells:116650  faces:377552  points:144519
Cells per refinement level:
    0	790
    1	52
    2	152
    3	344
    4	1008
    5	3456
    6	14592
    7	96256
Skipping balancing since max unbalance 0.06362623232 is less than allowable 0.1

Surface refinement iteration 8
------------------------------

Marked for refinement due to surface intersection          : 64 cells.
Determined cells to refine in = 0.01 s
Selected for refinement : 112 cells (out of 116650)
Edge intersection testing:
    Number of edges             : 379913
    Number of edges to retest   : 6488
    Number of intersected edges : 32640
Refined mesh in = 0.12 s
After refinement surface refinement iteration 8 : cells:117434  faces:379913  points:145312
Cells per refinement level:
    0	790
    1	52
    2	152
    3	344
    4	992
    5	3552
    6	14784
    7	96768
Skipping balancing since max unbalance 0.08322972904 is less than allowable 0.1

Surface refinement iteration 9
------------------------------

Marked for refinement due to surface intersection          : 0 cells.
Determined cells to refine in = 0.01 s
Selected for refinement : 0 cells (out of 117434)
Stopping refining since too few cells selected.


Proximity refinement iteration 0
------------------------------

Marked for refinement due to surface proximity : 0 cells.
Determined cells to refine in = 0 s
Selected for refinement : 0 cells (out of 117434)
Stopping refining since too few cells selected.


Removing mesh beyond surface intersections
------------------------------------------

Setting cellZones according to locationsInMesh:
Location : ( 0 0.2 0.4 )
    cellZone : none

For cellZone none found point ( 0 0.2 0.4 ) in global region 0 out of 4 regions.
Keeping all cells containing points 1(( 0 0.2 0.4 ))
Selected for keeping : 97530 cells.
Edge intersection testing:
    Number of edges             : 325331
    Number of edges to retest   : 25600
    Number of intersected edges : 32640

Shell refinement iteration 0
----------------------------

Marked for refinement due to distance to explicit features : 0 cells.
Marked for refinement due to refinement shells             : 16922 cells.
Determined cells to refine in = 0.28 s
Selected for internal refinement : 16922 cells (out of 97530)
Edge intersection testing:
    Number of edges             : 686081
    Number of edges to retest   : 537566
    Number of intersected edges : 32640
Refined mesh in = 0.3 s
After refinement coarse cell refinement iteration 0 : cells:215984  faces:686081  points:254390
Cells per refinement level:
    0	352
    1	3504
    2	416
    3	1216
    4	2752
    5	7936
    6	28416
    7	171392
Balanced mesh in = 0.48 s

Shell refinement iteration 1
----------------------------

Marked for refinement due to distance to explicit features : 0 cells.
Marked for refinement due to refinement shells             : 38772 cells.
Determined cells to refine in = 0.31 s
Selected for internal refinement : 38874 cells (out of 215984)
Edge intersection testing:
    Number of edges             : 1513607
    Number of edges to retest   : 1103053
    Number of intersected edges : 32640
Refined mesh in = 0.61 s
After refinement coarse cell refinement iteration 1 : cells:488102  faces:1513607  points:537801
Cells per refinement level:
    0	352
    1	1340
    2	17312
    3	3328
    4	9728
    5	26042
    6	31280
    7	398720
Balanced mesh in = 0.96 s

Shell refinement iteration 2
----------------------------

Marked for refinement due to distance to explicit features : 0 cells.
Marked for refinement due to refinement shells             : 50580 cells.
Determined cells to refine in = 0.65 s
Selected for internal refinement : 52228 cells (out of 488102)
Edge intersection testing:
    Number of edges             : 2628446
    Number of edges to retest   : 1492270
    Number of intersected edges : 32640
Refined mesh in = 1.18 s
After refinement coarse cell refinement iteration 2 : cells:853698  faces:2628446  points:921629
Cells per refinement level:
    0	352
    1	1340
    2	8224
    3	72704
    4	26624
    5	101706
    6	20636
    7	622112
Balanced mesh in = 1.66 s

Shell refinement iteration 3
----------------------------

Marked for refinement due to distance to explicit features : 0 cells.
Marked for refinement due to refinement shells             : 53836 cells.
Determined cells to refine in = 1.09 s
Selected for internal refinement : 54814 cells (out of 853698)
Edge intersection testing:
    Number of edges             : 3798971
    Number of edges to retest   : 1522788
    Number of intersected edges : 32640
Refined mesh in = 1.74 s
After refinement coarse cell refinement iteration 3 : cells:1237396  faces:3798971  points:1324879
Cells per refinement level:
    0	352
    1	1340
    2	8224
    3	42272
    4	251904
    5	246136
    6	23232
    7	663936
Balanced mesh in = 2.14 s

Shell refinement iteration 4
----------------------------

Marked for refinement due to distance to explicit features : 0 cells.
Marked for refinement due to refinement shells             : 48416 cells.
Determined cells to refine in = 1.55 s
Selected for internal refinement : 49112 cells (out of 1237396)
Edge intersection testing:
    Number of edges             : 4841777
    Number of edges to retest   : 1278763
    Number of intersected edges : 32640
Refined mesh in = 2.09 s
After refinement coarse cell refinement iteration 4 : cells:1581180  faces:4841777  points:1680162
Cells per refinement level:
    0	352
    1	1340
    2	8224
    3	42272
    4	203616
    5	631744
    6	28672
    7	664960
Balanced mesh in = 2.55 s

Shell refinement iteration 5
----------------------------

Marked for refinement due to distance to explicit features : 0 cells.
Marked for refinement due to refinement shells             : 0 cells.
Determined cells to refine in = 2.09 s
Selected for internal refinement : 64 cells (out of 1581180)
Edge intersection testing:
    Number of edges             : 4843223
    Number of edges to retest   : 3824
    Number of intersected edges : 32640
Refined mesh in = 1.3 s
After refinement coarse cell refinement iteration 5 : cells:1581628  faces:4843223  points:1680713
Cells per refinement level:
    0	352
    1	1340
    2	8224
    3	42272
    4	203616
    5	631680
    6	29184
    7	664960
Skipping balancing since max unbalance 0.0007005439964 is less than allowable 0.1

Shell refinement iteration 6
----------------------------

Marked for refinement due to distance to explicit features : 0 cells.
Marked for refinement due to refinement shells             : 0 cells.
Determined cells to refine in = 1.94 s
Selected for internal refinement : 0 cells (out of 1581628)
Stopping refining since too few cells selected.


Dangling cells refinement iteration 0
-------------------------------------

Determined cells to refine in = 0.04 s
Selected for refinement : 0 cells (out of 1581628)

Splitting mesh at surface intersections
---------------------------------------

Introducing baffles for 32640 faces that are intersected by the surface.

Setting cellZones according to locationsInMesh:
Location : ( 0 0.2 0.4 )
    cellZone : none

For cellZone none found point ( 0 0.2 0.4 ) in global region 0 out of 4 regions.
Edge intersection testing:
    Number of edges             : 4875863
    Number of edges to retest   : 212355
    Number of intersected edges : 65280
Created baffles in = 1.4 s


After introducing baffles : cells:1581628  faces:4875863  points:1680713
Cells per refinement level:
    0	352
    1	1340
    2	8224
    3	42272
    4	203616
    5	631680
    6	29184
    7	664960

Introducing baffles to block off problem cells
----------------------------------------------

markFacesOnProblemCells : marked 53681 additional internal faces to be converted into baffles.
Analyzed problem cells in = 0.62 s


Introducing baffles to delete problem cells.

Edge intersection testing:
    Number of edges             : 4929158
    Number of edges to retest   : 163461
    Number of intersected edges : 65280
Created baffles in = 1.09 s


After introducing baffles : cells:1581628  faces:4929158  points:1681106
Cells per refinement level:
    0	352
    1	1340
    2	8224
    3	42272
    4	203616
    5	631680
    6	29184
    7	664960
Setting cellZones according to locationsInMesh:
Location : ( 0 0.2 0.4 )
    cellZone : none

For cellZone none found point ( 0 0.2 0.4 ) in global region 0 out of 26755 regions.
Edge intersection testing:
    Number of edges             : 4929158
    Number of edges to retest   : 109382
    Number of intersected edges : 65280

Remove unreachable sections of mesh
-----------------------------------

Keeping all cells containing points 1(( 0 0.2 0.4 ))
Selected for keeping : 1551420 cells.
Split mesh in = 2.25 s


After subsetting : cells:1551420  faces:4755947  points:1653598
Cells per refinement level:
    0	352
    1	1340
    2	8224
    3	42272
    4	203616
    5	631680
    6	29184
    7	634752

Introducing zones for interfaces
--------------------------------

Setting cellZones according to locationsInMesh:
Location : ( 0 0.2 0.4 )
    cellZone : none

For cellZone none found point ( 0 0.2 0.4 ) in global region 0 out of 1 regions.

Excluding small regions from zone
---------------------------------

Setting faceZones according to neighbouring cellZones:


Handling cells with snap problems
---------------------------------

Introducing baffles for 32768 faces that are intersected by the surface.

Setting cellZones according to locationsInMesh:
Location : ( 0 0.2 0.4 )
    cellZone : none

For cellZone none found point ( 0 0.2 0.4 ) in global region 0 out of 1 regions.
Edge intersection testing:
    Number of edges             : 4755947
    Number of edges to retest   : 109382
    Number of intersected edges : 32768
Created baffles in = 2.36 s


After introducing baffles : cells:1551420  faces:4755947  points:1653598
Cells per refinement level:
    0	352
    1	1340
    2	8224
    3	42272
    4	203616
    5	631680
    6	29184
    7	634752

Introducing baffles to block off problem cells
----------------------------------------------

markFacesOnProblemCells : marked 0 additional internal faces to be converted into baffles.
Analyzed problem cells in = 0.57 s


Introducing baffles to delete problem cells.

Created baffles in = 0.07 s


After introducing baffles : cells:1551420  faces:4755947  points:1653598
Cells per refinement level:
    0	352
    1	1340
    2	8224
    3	42272
    4	203616
    5	631680
    6	29184
    7	634752
Setting cellZones according to locationsInMesh:
Location : ( 0 0.2 0.4 )
    cellZone : none

For cellZone none found point ( 0 0.2 0.4 ) in global region 0 out of 1 regions.
Edge intersection testing:
    Number of edges             : 4755947
    Number of edges to retest   : 109382
    Number of intersected edges : 32768

Remove unreachable sections of mesh
-----------------------------------

Split mesh in = 1.41 s


After subsetting : cells:1551420  faces:4755947  points:1653598
Cells per refinement level:
    0	352
    1	1340
    2	8224
    3	42272
    4	203616
    5	631680
    6	29184
    7	634752

Merge free-standing baffles
---------------------------

freeStandingBaffles : detected 128 free-standing baffles out of 128

freeStandingBaffles : detected 0 planar (within -60 degrees) free-standing baffles out of 128

Detected free-standing baffles : 0
Merged free-standing baffles in = 0.11 s


Merging single couples
Merging 0 coupled faces
dupNonManifoldPoints : Found : 387 non-manifold points (out of 1676562)
Detected unsplittable baffles : 0

Merge refined boundary faces
----------------------------

Merging 0 sets of faces.

No faces merged ...

Merging all points on surface that
- are used by only two boundary faces and
- make an angle with a cosine of more than -1.

No straight edges simplified and no points removed ...

Doing final balancing
---------------------

Found 0 zoned faces to keep together.
Found 0 separated coupled faces to keep together.
dupNonManifoldPoints : Found : 0 non-manifold points (out of 1677144)
Mesh refined in = 39 s.
Total meshing time to this stage = 39 s.

Morphing phase
--------------

Duplicating 0 points on faceZones of type boundary
Checking initial mesh ...
Checking faces in error :
    non-orthogonality > 70  degrees                        : 0
    faces with face pyramid volume < 1e-16                 : 0
    faces with concavity > 80  degrees                     : 0
    faces with area < 1e-13 m^2                            : 0
    faces with skewness > 6   (internal) or 20  (boundary) : 0
    faces with interpolation weights (0..1)  < 0.08        : 0
    faces with volume ratio of neighbour cells < 0.02      : 0
    faces with face twist < 0.05                           : 0
    faces on cells with determinant < 0.0001               : 0
Detected 0 illegal faces (concave, zero area or negative cell pyramid volume)
Checked initial mesh in = 0.5 s


Smoothing patch points ...
Smoothing iteration 0
Found 578 non-manifold point(s).

Scaling iteration 0
Moving mesh using displacement scaling : min:1  max:1
Checking faces in error :
    non-orthogonality > 70  degrees                        : 0
    faces with face pyramid volume < 1e-16                 : 0
    faces with concavity > 80  degrees                     : 0
    faces with area < 1e-13 m^2                            : 0
    faces with skewness > 6   (internal) or 20  (boundary) : 0
    faces with interpolation weights (0..1)  < 0.08        : 0
    faces with volume ratio of neighbour cells < 0.02      : 0
    faces with face twist < 0.05                           : 0
    faces on cells with determinant < 0.0001               : 0
Successfully moved mesh

Smoothing iteration 1
Found 0 non-manifold point(s).

Scaling iteration 0
Moving mesh using displacement scaling : min:1  max:1
Checking faces in error :
    non-orthogonality > 70  degrees                        : 0
    faces with face pyramid volume < 1e-16                 : 0
    faces with concavity > 80  degrees                     : 0
    faces with area < 1e-13 m^2                            : 0
    faces with skewness > 6   (internal) or 20  (boundary) : 0
    faces with interpolation weights (0..1)  < 0.08        : 0
    faces with volume ratio of neighbour cells < 0.02      : 0
    faces with face twist < 0.05                           : 0
    faces on cells with determinant < 0.0001               : 0
Successfully moved mesh

Patch points smoothed in = 1.7 s


Merging 7296 sets of faces.

Edge intersection testing:
    Number of edges             : 4748651
    Number of edges to retest   : 29241
    Number of intersected edges : 25216

Undo iteration 0
----------------
Checking faces in error :
    non-orthogonality > 70  degrees                        : 0
    faces with face pyramid volume < 1e-16                 : 0
    faces with concavity > 80  degrees                     : 0
    faces with area < 1e-13 m^2                            : 0
    faces with skewness > 6   (internal) or 20  (boundary) : 0
    faces with interpolation weights (0..1)  < 0.08        : 0
    faces with volume ratio of neighbour cells < 0.02      : 0
    faces with face twist < 0.05                           : 0
    faces on cells with determinant < 0.0001               : 0

Merging all points on surface that
- are used by only two boundary faces and
- make an angle with a cosine of more than -1.

Removing 7354 straight edge points ...

Edge intersection testing:
    Number of edges             : 4748651
    Number of edges to retest   : 29241
    Number of intersected edges : 22530

Undo iteration 0
----------------
Checking faces in error :
    non-orthogonality > 70  degrees                        : 0
    faces with face pyramid volume < 1e-16                 : 0
    faces with concavity > 80  degrees                     : 0
    faces with area < 1e-13 m^2                            : 0
    faces with skewness > 6   (internal) or 20  (boundary) : 0
    faces with interpolation weights (0..1)  < 0.08        : 0
    faces with volume ratio of neighbour cells < 0.02      : 0
    faces with face twist < 0.05                           : 0
    faces on cells with determinant < 0.0001               : 0
snappySnapDriver : Snap to Preserve Surface Features
Snapping iteration: 0
Snapping iteration: 10
Checking faces in error :
    non-orthogonality > 70  degrees                        : 0
    faces with face pyramid volume < 1e-16                 : 0
    faces with concavity > 80  degrees                     : 0
    faces with area < 1e-13 m^2                            : 0
    faces with skewness > 6   (internal) or 20  (boundary) : 0
    faces with interpolation weights (0..1)  < 0.08        : 0
    faces with volume ratio of neighbour cells < 0.02      : 0
    faces on cells with determinant < 0.0001               : 0
Snapping iteration: 20
Checking faces in error :
    non-orthogonality > 70  degrees                        : 0
    faces with face pyramid volume < 1e-16                 : 0
    faces with concavity > 80  degrees                     : 0
    faces with area < 1e-13 m^2                            : 0
    faces with skewness > 6   (internal) or 20  (boundary) : 0
    faces with interpolation weights (0..1)  < 0.08        : 0
    faces with volume ratio of neighbour cells < 0.02      : 0
    faces on cells with determinant < 0.0001               : 0
Snapping iteration: 30
Checking faces in error :
    non-orthogonality > 70  degrees                        : 0
    faces with face pyramid volume < 1e-16                 : 0
    faces with concavity > 80  degrees                     : 0
    faces with area < 1e-13 m^2                            : 0
    faces with skewness > 6   (internal) or 20  (boundary) : 0
    faces with interpolation weights (0..1)  < 0.08        : 0
    faces with volume ratio of neighbour cells < 0.02      : 0
    faces on cells with determinant < 0.0001               : 0
Snapping iteration: 40
Checking faces in error :
    non-orthogonality > 70  degrees                        : 0
    faces with face pyramid volume < 1e-16                 : 0
    faces with concavity > 80  degrees                     : 0
    faces with area < 1e-13 m^2                            : 0
    faces with skewness > 6   (internal) or 20  (boundary) : 0
    faces with interpolation weights (0..1)  < 0.08        : 0
    faces with volume ratio of neighbour cells < 0.02      : 0
    faces on cells with determinant < 0.0001               : 0
Snapping iteration: 50
Checking faces in error :
    non-orthogonality > 70  degrees                        : 0
    faces with face pyramid volume < 1e-16                 : 0
    faces with concavity > 80  degrees                     : 0
    faces with area < 1e-13 m^2                            : 0
    faces with skewness > 6   (internal) or 20  (boundary) : 0
    faces with interpolation weights (0..1)  < 0.08        : 0
    faces with volume ratio of neighbour cells < 0.02      : 0
    faces on cells with determinant < 0.0001               : 0
Snap to preserve surface features in 15.1s

snappyHexMeshDriver: Smoothing displaced mesh interior points ...
Finished smoothing displaced mesh in = 2.79 s.
Moving mesh ...

Iteration 0
Moving mesh using displacement scaling : min:1  max:1
Checking faces in error :
    non-orthogonality > 70  degrees                        : 0
    faces with face pyramid volume < 1e-16                 : 0
    faces with concavity > 80  degrees                     : 0
    faces with area < 1e-13 m^2                            : 0
    faces with skewness > 6   (internal) or 20  (boundary) : 0
    faces with interpolation weights (0..1)  < 0.08        : 0
    faces with volume ratio of neighbour cells < 0.02      : 0
    faces with face twist < 0.05                           : 0
    faces on cells with determinant < 0.0001               : 0
Successfully moved mesh
Moved mesh in = 0.65 s


Calculating patchDisplacement as distance to nearest surface point ...
Wanted displacement : average:1.136237305e-05 min:4.548081572e-10 max:0.0003638584593
Calculated surface displacement in = 0.08 s


--> HELYX Warning : Displacement ( -1.019029444e-10 3.469446952e-18 4.43245135e-10 ) at mesh point 5502 coord ( 0.05997006612 0.02500000005 0.02612908037 ) points through the surrounding patch faces
snappyHexMeshDriver: Smoothing displaced mesh interior points ...
Finished smoothing displaced mesh in = 2.53 s.
Moving mesh ...

Iteration 0
Moving mesh using displacement scaling : min:1  max:1
Checking faces in error :
    non-orthogonality > 70  degrees                        : 0
    faces with face pyramid volume < 1e-16                 : 0
    faces with concavity > 80  degrees                     : 0
    faces with area < 1e-13 m^2                            : 0
    faces with skewness > 6   (internal) or 20  (boundary) : 0
    faces with interpolation weights (0..1)  < 0.08        : 0
    faces with volume ratio of neighbour cells < 0.02      : 0
    faces with face twist < 0.05                           : 0
    faces on cells with determinant < 0.0001               : 0
Successfully moved mesh
Moved mesh in = 0.72 s



Checking faces are correctly patched
------------------------------------

Merging 0 sets of faces.

No faces merged ...

Merging all points on surface that
- are used by only two boundary faces and
- make an angle with a cosine of more than -1.

No straight edges simplified and no points removed ...
Preparing feature lines for direct snapping
-------------------------------------------

 Converting refinement feature meshes to feature lines

Feature lines prepared in 0s

Finding optimal points for direct feature snapping
--------------------------------------------------

 Building node chains
 Filtering out duplicates
  Before removing duplications: 2 chains
  After removing duplications : 1 chains
 Cleaning up results
Filtering 2 points.
Filtering 0 points.
Checking faces in error :
    non-orthogonality > 70  degrees                        : 0
    faces with face pyramid volume < 1e-16                 : 0
    faces with concavity > 80  degrees                     : 0
    faces with area < 1e-13 m^2                            : 0
    faces with skewness > 6   (internal) or 20  (boundary) : 0
    faces with interpolation weights (0..1)  < 0.08        : 0
    faces with volume ratio of neighbour cells < 0.02      : 0
    faces with face twist < 0.05                           : 0
    faces on cells with determinant < 0.0001               : 0
Moving mesh ...

Iteration 0
Moving mesh using displacement scaling : min:1  max:1
Checking faces in error :
    non-orthogonality > 70  degrees                        : 0
    faces with face pyramid volume < 1e-16                 : 0
    faces with concavity > 80  degrees                     : 0
    faces with area < 1e-13 m^2                            : 0
    faces with skewness > 6   (internal) or 20  (boundary) : 0
    faces with interpolation weights (0..1)  < 0.08        : 0
    faces with volume ratio of neighbour cells < 0.02      : 0
    faces with face twist < 0.05                           : 0
    faces on cells with determinant < 0.0001               : 0
Successfully moved mesh
Moved mesh in = 3.22 s


Feature shadow chains constructed in 3.23s


Trying to smooth sliver faces
-----------------------------

Number of sliver points to smooth : 0

Merging all faces of a cell
---------------------------
    - which are on the same patch
    - which make an angle < 45 degrees
      (cos:0.9396926208)
    - as long as the resulting face doesn't become concave by more than  80 degrees
      (0=straight, 180=fully concave)

Merging 128 sets of faces.


Undo iteration 0
----------------
Checking faces in error :
    non-orthogonality > 70  degrees                        : 0
    faces with face pyramid volume < 1e-16                 : 0
    faces with concavity > 80  degrees                     : 0
    faces with area < 1e-13 m^2                            : 0
    faces with skewness > 6   (internal) or 20  (boundary) : 0
    faces with interpolation weights (0..1)  < 0.08        : 0
    faces with volume ratio of neighbour cells < 0.02      : 0
    faces with face twist < 0.05                           : 0
    faces on cells with determinant < 0.0001               : 0

Merging all points on surface that
- are used by only two boundary faces and
- make an angle with a cosine of more than -1.

Removing 129 straight edge points ...


Undo iteration 0
----------------
Checking faces in error :
    non-orthogonality > 70  degrees                        : 0
    faces with face pyramid volume < 1e-16                 : 0
    faces with concavity > 80  degrees                     : 0
    faces with area < 1e-13 m^2                            : 0
    faces with skewness > 6   (internal) or 20  (boundary) : 0
    faces with interpolation weights (0..1)  < 0.08        : 0
    faces with volume ratio of neighbour cells < 0.02      : 0
    faces with face twist < 0.05                           : 0
    faces on cells with determinant < 0.0001               : 0

Splitting degenerate cell faces
-------------------------------

Edge collapsing Iter: 0
Correcting concave faces 
Checking faces in error :
    non-orthogonality > 70  degrees                        : 0
    faces with face pyramid volume < 1e-16                 : 0
    faces with concavity > 80  degrees                     : 0
    faces with area < 1e-13 m^2                            : 0
    faces with skewness > 6   (internal) or 20  (boundary) : 0
    faces with interpolation weights (0..1)  < 0.08        : 0
    faces with volume ratio of neighbour cells < 0.02      : 0
    faces with face twist < 0.05                           : 0
    faces on cells with determinant < 0.0001               : 0
Moving mesh ...

Iteration 0
Moving mesh using displacement scaling : min:1  max:1
Checking faces in error :
    non-orthogonality > 70  degrees                        : 0
    faces with face pyramid volume < 1e-16                 : 0
    faces with concavity > 80  degrees                     : 0
    faces with area < 1e-13 m^2                            : 0
    faces with skewness > 6   (internal) or 20  (boundary) : 0
    faces with interpolation weights (0..1)  < 0.08        : 0
    faces with volume ratio of neighbour cells < 0.02      : 0
    faces with face twist < 0.05                           : 0
    faces on cells with determinant < 0.0001               : 0
Successfully moved mesh
Moved mesh in = 5.92 s



Checking faces are correctly patched
------------------------------------


Merging all faces of a cell
---------------------------
    - which are on the same patch
    - which make an angle < 45 degrees
      (cos:0.9396926208)
    - as long as the resulting face doesn't become concave by more than  80 degrees
      (0=straight, 180=fully concave)

Merging 0 sets of faces.

No faces merged ...

Merging all points on surface that
- are used by only two boundary faces and
- make an angle with a cosine of more than -1.

No straight edges simplified and no points removed ...

Cleaning up final snapped mesh
------------------------------

Checking faces in error :
    non-orthogonality > 70  degrees                        : 0
    faces with face pyramid volume < 1e-16                 : 0
    faces with concavity > 80  degrees                     : 0
    faces with area < 1e-13 m^2                            : 0
    faces with skewness > 6   (internal) or 20  (boundary) : 0
    faces with interpolation weights (0..1)  < 0.08        : 0
    faces with volume ratio of neighbour cells < 0.02      : 0
    faces with face twist < 0.05                           : 0
    faces on cells with determinant < 0.0001               : 0
Removing 0 hanging nodes
Finished snapping stage in = 40.36 s.
Total meshing time to this stage = 78.75 s.

Shrinking and layer addition phase
----------------------------------

Using mesh parameters 
{
    maxNonOrtho     70;
    maxBoundarySkewness 20;
    maxInternalSkewness 6;
    maxConcave      80;
    minFlatness     0.5;
    minVol          1e-16;
    minTetQuality   -1e+30;
    minArea         1e-13;
    minTwist        0.05;
    minDeterminant  0.0001;
    minFaceWeight   0.08;
    minVolRatio     0.02;
    angle           0;
    errorReduction  0.75;
    nSmoothScale    10;
    minVolCollapseRatio -1;
    faceFaceCells   false;
    minSnapRelativeVolume -1;
    smoothAlignedEdges false;
    minSnapRelativeTetVolume -1;
    maxGaussGreenCentroid -1;
    nVolSmoothIter  8;
    maxCellAspectRatio -1;
    maxFaceCentreNonOrtho 180;
    minEdgeLength   -1;
}



Checking mesh manifoldness ...

Checking initial mesh ...
Checking faces in error :
    non-orthogonality > 70  degrees                        : 0
    faces with face pyramid volume < 1e-16                 : 0
    faces with concavity > 80  degrees                     : 0
    faces with area < 1e-13 m^2                            : 0
    faces with skewness > 6   (internal) or 20  (boundary) : 0
    faces with interpolation weights (0..1)  < 0.08        : 0
    faces with volume ratio of neighbour cells < 0.02      : 0
    faces with face twist < 0.05                           : 0
    faces on cells with determinant < 0.0001               : 0
Detected 0 illegal faces (concave, zero area or negative cell pyramid volume)
Duplicating 0 points on faceZones of type boundary
Patch Inlet cannot be grown up since has no grown neighbour
Patch Outlet cannot be grown up since has no grown neighbour
Patch Back chosen for growing up
Patch Front chosen for growing up
Patch Bottom cannot be grown up since has no grown neighbour
Patch Top cannot be grown up since has no grown neighbour
dupNonManifoldPoints : Found : 0 non-manifold points (out of 1669661)

Handling feature edges ...
Set displacement to zero for points on 0 feature edges

Handling cells with warped patch faces ...
Set displacement to zero on 0 warped faces since layer would be > 2 of the size of the bounding box.
Set displacement to zero on 0 non manifold edges.
Set displacement to zero on 0 problem grown up points
Set displacement to zero on 0 faces and edges with single baffle extrusions and zero sized edges

patch  faces    layers avg thickness[m]
                       near-wall overall
-----  -----    ------ --------- -------
e423_0 25344    10     0.00015   0.005   

Selecting externalDisplacementMeshMover displacementMedialAxis
displacementMedialAxis : Calculating distance to Medial Axis ...
fieldSmoother : Smoothing normals ...
    Iteration 0   residual 0.00567
fieldSmoother : Smoothing normals in interior ...
    Iteration 0   residual 0.0108

Layer addition iteration 1
--------------------------

Determining displacement for added points according to pointNormal ...
Detected 127 points with point normal pointing through faces.
Reset displacement at 127 points to average of surrounding points.

displacementMedialAxis : Smoothing using Medial Axis ...
displacementMedialAxis : Reducing layer thickness at 0 nodes where thickness to medial axis distance is large 
displacementMedialAxis : Removing isolated regions ...
- if partially extruded faces make angle < 80
- if exclusively surrounded by non-extruded faces
displacementMedialAxis : Number of isolated points extrusion stopped : 0
fieldSmoother : Smoothing field ...
    Iteration 0   residual 0
snappyHexMeshDriver: Smoothing displaced mesh interior points ...
Finished smoothing displaced mesh in = 2.89 s.
displacementMedialAxis : Moving mesh ...
displacementMedialAxis : Iteration 0
Moving mesh using displacement scaling : min:1  max:1
Checking faces in error :
    non-orthogonality > 70  degrees                        : 0
    faces with face pyramid volume < 1e-16                 : 0
    faces with concavity > 80  degrees                     : 0
    faces with area < 1e-13 m^2                            : 0
    faces with skewness > 6   (internal) or 20  (boundary) : 0
    faces with interpolation weights (0..1)  < 0.08        : 0
    faces with volume ratio of neighbour cells < 0.02      : 0
    faces with face twist < 0.05                           : 0
    faces on cells with determinant < 0.0001               : 0
displacementMedialAxis : Successfully moved mesh
displacementMedialAxis : Finished moving mesh ...
stopNonConsecutiveExtrusion : Unextruded 0 faces due to non-consecutive vertices being extruded.
stopNonConsecutiveExtrusion : Unextruded 0 faces due to stringed edges with inconsistent extrusion.
stopNonConsecutiveExtrusion : Unextruded 0 faces due to non-consecutive vertices being extruded.
stopNonConsecutiveExtrusion : Unextruded 0 faces due to stringed edges with inconsistent extrusion.
Prevented extrusion on 0 points due to failure to split face.

stopNonConsecutiveExtrusion : Unextruded 0 faces due to non-consecutive vertices being extruded.
stopNonConsecutiveExtrusion : Unextruded 0 faces due to stringed edges with inconsistent extrusion.

Setting up information for layer truncation ...

Adding in total 0 inter-processor patches to handle extrusion of non-manifold processor boundaries.
Detected 0 baffles across faceZones of type internal


Checking mesh with layer ...
Checking faces in error :
    non-orthogonality > 70  degrees                        : 8
    faces with face pyramid volume < 1e-16                 : 0
    faces with concavity > 80  degrees                     : 0
    faces with area < 1e-13 m^2                            : 0
    faces with skewness > 6   (internal) or 20  (boundary) : 748
    faces with interpolation weights (0..1)  < 0.08        : 0
    faces with volume ratio of neighbour cells < 0.02      : 0
    faces with face twist < 0.05                           : 0
    faces on cells with determinant < 0.0001               : 0
Detected 756 illegal faces (concave, zero area or negative cell pyramid volume)
Extruding 25088 out of 25344 faces (99%). Removed extrusion at 192 faces.
Layer iteration performed in 9.39s


Layer addition iteration 2
--------------------------

Determining displacement for added points according to pointNormal ...
Detected 0 points with point normal pointing through faces.
Reset displacement at 0 points to average of surrounding points.

displacementMedialAxis : Smoothing using Medial Axis ...
displacementMedialAxis : Reducing layer thickness at 0 nodes where thickness to medial axis distance is large 
displacementMedialAxis : Removing isolated regions ...
- if partially extruded faces make angle < 80
- if exclusively surrounded by non-extruded faces
displacementMedialAxis : Number of isolated points extrusion stopped : 0
fieldSmoother : Smoothing field ...
    Iteration 0   residual 1.06e-05
snappyHexMeshDriver: Smoothing displaced mesh interior points ...
Finished smoothing displaced mesh in = 2.82 s.
displacementMedialAxis : Moving mesh ...
displacementMedialAxis : Iteration 0
Moving mesh using displacement scaling : min:1  max:1
Checking faces in error :
    non-orthogonality > 70  degrees                        : 0
    faces with face pyramid volume < 1e-16                 : 0
    faces with concavity > 80  degrees                     : 0
    faces with area < 1e-13 m^2                            : 0
    faces with skewness > 6   (internal) or 20  (boundary) : 0
    faces with interpolation weights (0..1)  < 0.08        : 0
    faces with volume ratio of neighbour cells < 0.02      : 0
    faces with face twist < 0.05                           : 0
    faces on cells with determinant < 0.0001               : 0
displacementMedialAxis : Successfully moved mesh
displacementMedialAxis : Finished moving mesh ...
stopNonConsecutiveExtrusion : Unextruded 0 faces due to non-consecutive vertices being extruded.
stopNonConsecutiveExtrusion : Unextruded 0 faces due to stringed edges with inconsistent extrusion.
stopNonConsecutiveExtrusion : Unextruded 0 faces due to non-consecutive vertices being extruded.
stopNonConsecutiveExtrusion : Unextruded 0 faces due to stringed edges with inconsistent extrusion.
Prevented extrusion on 0 points due to failure to split face.

stopNonConsecutiveExtrusion : Unextruded 0 faces due to non-consecutive vertices being extruded.
stopNonConsecutiveExtrusion : Unextruded 0 faces due to stringed edges with inconsistent extrusion.

Setting up information for layer truncation ...

Adding in total 0 inter-processor patches to handle extrusion of non-manifold processor boundaries.
Detected 0 baffles across faceZones of type internal


Checking mesh with layer ...
Checking faces in error :
    non-orthogonality > 70  degrees                        : 0
    faces with face pyramid volume < 1e-16                 : 0
    faces with concavity > 80  degrees                     : 0
    faces with area < 1e-13 m^2                            : 0
    faces with skewness > 6   (internal) or 20  (boundary) : 0
    faces with interpolation weights (0..1)  < 0.08        : 0
    faces with volume ratio of neighbour cells < 0.02      : 0
    faces with face twist < 0.05                           : 0
    faces on cells with determinant < 0.0001               : 0
Detected 0 illegal faces (concave, zero area or negative cell pyramid volume)
Extruding 25088 out of 25344 faces (99%). Removed extrusion at 0 faces.
Total number of layer cells: 239360
Finished layer stage in = 28.1 s.
Total meshing time to this stage = 107 s.

Extruding layer at selected boundary faces

Pre-balance before extruding
Found 0 zoned faces to keep together.
Found 0 separated coupled faces to keep together.
Extruding : extrude
Adding overall 0 processor patches.

Doing final balancing
---------------------

Selecting decompositionMethod ptscotch
Final mesh : cells:48113  faces:193280  points:97882
Cells per refinement level:
    0	352
    1	670
    2	2056
    3	5284
    4	12726
    5	19740
    6	456
    7	6829
Writing mesh to time 0
Wrote mesh in = 0.02 s.
Finished meshing in = 113 s.

Final Mesh Summary Report
-------------------------

Mesh stats
----------

    points:              98998
    edges:               244715
    faces:               193834
    internal faces:      96182
    cells:               48113
    layers cells:        239360
    layer coverage:      99 %
    boundary patches:    7
    point zones:         0
    face zones:          0
    cell zones:          0
    mesh regions:        1
    domain volume:       72.26
    domain bounding box: ( -4 0.4 -8 ) ( 15 0.63771 8 )

Overall number of cells of each type
------------------------------------

    hexahedra:  46743 (97.153 %)
    prisms:     58 (0.121 %)
    wedges:     0 (0 %)
    pyramids:   0 (0 %)
    tet wedges: 0 (0 %)
    tetrahedra: 0 (0 %)
    polyhedra:  1312 (2.73 %)

Cells per refinement level
--------------------------

    0	352 (spacing: 400 mm)
    1	670 (spacing: 200 mm)
    2	2056 (spacing: 100 mm)
    3	5284 (spacing: 50 mm)
    4	12726 (spacing: 25 mm)
    5	19740 (spacing: 12.5 mm)
    6	456 (spacing: 6.25 mm)
    7	6829 (spacing: 3.12 mm)

Patch layer info
----------------

Key:  
First cell height (fch)
Final layer height (flh)
Total layer height (tlh)
Expansion ratio (exp)

patch  faces    layers fch (m)  flh (m)  tlh (m)  exp      coverage (%)
-----  -----    ------ -------  -------  -------  ---      ------------

e423_0 25344    9.48   0.000185 0.00113  0.00489  1.25      99      

Mesh quality
------------

    Point usage OK.
    Upper triangular ordering OK.
    Topological cell zip-up check OK.
    Face vertices OK.

    Boundary openness ( -2.95e-18 1.07e-13 -1.4e-18 ) OK.
 *High aspect ratio cells found, Max aspect ratio: 1.76e+03, number of cells 371
    Minimum face area = 3.97e-07. Maximum face area = 0.38.  Face area magnitudes OK.
    Min volume = 9.43e-08. Max volume = 0.0903.  Total volume = 72.3.  Cell volumes OK.
    Mesh non-orthogonality Max: 50.3 average: 0.744
    Non-orthogonality check OK.
    Face pyramids OK.

Warning in 1 mesh checks.

Meshing time
------------

   Overall Meshing Time 106.9 sec (0.0297 hours).

   Performed mesh initialisation in 0.02 sec (0.0187 %).
   Performed mesh refinement in 38.39 sec (35.9 %).
   Performed mesh snapping in 40.36 sec (37.8 %).
   Performed mesh layers in 28.13 sec (26.3 %).

End

Finalising parallel run

--- INICIO COMANDO: mpirun -n 4 helyxHexMesh -parallel -overwrite ---
/*---------------------------------------------------------------------------*\
|       o        |                                                            |
|    o     o     |  HELYX (R) : Open-source CFD for Enterprise                |
|   o   O   o    |  Version : 4.4.1                                           |
|    o     o     |  ENGYS Ltd. <http://engys.com/>                            |
|       o        |                                                            |
\*---------------------------------------------------------------------------*/
Build  : 4.4.1-unknown
API    : 4.4.1
Arch   : "LSB;label=32;scalar=64"
Exec   : reconstructParMesh -constant
Date   : Jan 15 2026
Time   : 18:39:40
Host   : "tb133-VirtualBox"
PID    : 12390
I/O    : uncollated
Case   : /home/introcfd/Desktop/estudioAutomatizacionPerfiles/aleronTraseroV1
nProcs : 1
sigFpe : Enabling floating point exception trapping (HELYX_SIGFPE).
fileModificationChecking : Monitoring run-time modified files using timeStampMaster (fileModificationSkew 10)
allowSystemOperations : Allowing user-supplied system call operations

// * * * * * * * * * * * * * * * * * * * * * * * * * * * * * * * * * * * * * //
Create time

Merge tolerance : 1e-07
Write tolerance : 1e-10
Doing geometric matching on correct procBoundaries only.
This assumes a correct decomposition.
Found 4 processor directories

Reading database "aleronTraseroV1/processor0"
Reading database "aleronTraseroV1/processor1"
Reading database "aleronTraseroV1/processor2"
Reading database "aleronTraseroV1/processor3"
Time = constant



Reconstructing for mesh region0

Reading points from "aleronTraseroV1/processor0" for time = constant

Reading points from "aleronTraseroV1/processor1" for time = constant

Reading points from "aleronTraseroV1/processor2" for time = constant

Reading points from "aleronTraseroV1/processor3" for time = constant

Overall mesh bounding box  : ( -4 0.4 -8 ) ( 15 0.6377084688 8 )
Relative tolerance         : 1e-07
Absolute matching distance : 2.484062208e-06

Merging mesh 0 with 1
Merging mesh 2 with 3
Merging mesh 0 with 2
Reading mesh to add from "aleronTraseroV1/processor0" for time = constant


Reading mesh to add from "aleronTraseroV1/processor1" for time = constant


Reading mesh to add from "aleronTraseroV1/processor2" for time = constant


Reading mesh to add from "aleronTraseroV1/processor3" for time = constant


mergeSharedPoints : detected 0 points that are to be merged.

Writing merged mesh to "/home/introcfd/Desktop/estudioAutomatizacionPerfiles/aleronTraseroV1/constant"

Reconstructing the addressing from the processor meshes to the newly reconstructed mesh

Reading processor 0 mesh from "aleronTraseroV1/processor0"
Writing pointProcAddressing to "aleronTraseroV1/processor0/constant/polyMesh"
Writing faceProcAddressing to "aleronTraseroV1/processor0/constant/polyMesh"
Writing cellProcAddressing to "aleronTraseroV1/processor0/constant/polyMesh"

Reading processor 1 mesh from "aleronTraseroV1/processor1"
Writing pointProcAddressing to "aleronTraseroV1/processor1/constant/polyMesh"
Writing faceProcAddressing to "aleronTraseroV1/processor1/constant/polyMesh"
Writing cellProcAddressing to "aleronTraseroV1/processor1/constant/polyMesh"

Reading processor 2 mesh from "aleronTraseroV1/processor2"
Writing pointProcAddressing to "aleronTraseroV1/processor2/constant/polyMesh"
Writing faceProcAddressing to "aleronTraseroV1/processor2/constant/polyMesh"
Writing cellProcAddressing to "aleronTraseroV1/processor2/constant/polyMesh"

Reading processor 3 mesh from "aleronTraseroV1/processor3"
Writing pointProcAddressing to "aleronTraseroV1/processor3/constant/polyMesh"
Writing faceProcAddressing to "aleronTraseroV1/processor3/constant/polyMesh"
Writing cellProcAddressing to "aleronTraseroV1/processor3/constant/polyMesh"


End


--- INICIO COMANDO: reconstructParMesh -constant ---
/*---------------------------------------------------------------------------*\
|       o        |                                                            |
|    o     o     |  HELYX (R) : Open-source CFD for Enterprise                |
|   o   O   o    |  Version : 4.4.1                                           |
|    o     o     |  ENGYS Ltd. <http://engys.com/>                            |
|       o        |                                                            |
\*---------------------------------------------------------------------------*/
Build  : 4.4.1-unknown
API    : 4.4.1
Arch   : "LSB;label=32;scalar=64"
Exec   : caseSetup
Date   : Jan 15 2026
Time   : 18:39:40
Host   : "tb133-VirtualBox"
PID    : 12393
I/O    : uncollated
Case   : /home/introcfd/Desktop/estudioAutomatizacionPerfiles/aleronTraseroV1
nProcs : 1
sigFpe : Enabling floating point exception trapping (HELYX_SIGFPE).
fileModificationChecking : Monitoring run-time modified files using timeStampMaster (fileModificationSkew 10)
allowSystemOperations : Allowing user-supplied system call operations

// * * * * * * * * * * * * * * * * * * * * * * * * * * * * * * * * * * * * * //

Create time


Defining regions
================
region0 : segregatedS


Writing dictionaries
====================
Writing "system/fvSchemes"
Writing "system/fvSolution"
Writing "system/faSchemes"
Writing "system/faSolution"
Writing "system/controlDict"
Writing "system/materialProperties"
Writing "system/fvOptions"
Writing "system/meshObjects"
Writing "constant/turbulenceProperties"
Writing "constant/g"
Writing "constant/regionProperties"

Storing existing fields
=======================
	k: not found
	omega: not found
	nut: not found
	p: not found
	U: not found
	rho: not found



Modifying boundary mesh
=======================
Modifying boundary patch: Outlet
Modifying boundary patch: Inlet
Modifying boundary patch: Front
Modifying boundary patch: Bottom
Modifying boundary patch: Top
Modifying boundary patch: e423_0
Modifying boundary patch: Back


Creating fields
===============

region0
----------------------------------------------------------------------------------------

Initialisation
--------------

   - U : fixedValue
   - k : turbulentIL
   - omega : turbulentIL
   - nut : turbulentIL
   - p : fixedValue
   - rho : equationOfState
Reading thermophysical properties


Material settings
-----------------

Selecting materials package "fluid".
pRef [1 -1 -2 0 0 0 0] 101325
TRef [0 0 0 1 0 0 0] 0
TConst [0 0 0 1 0 0 0] 300

Solver settings from material properties:
"isochoric" "incompressible" "constant Cv" "isotropic"

----------------------------------------------------------------------------------------


end


--- INICIO COMANDO: caseSetup ---
/*---------------------------------------------------------------------------*\
|       o        |                                                            |
|    o     o     |  HELYX (R) : Open-source CFD for Enterprise                |
|   o   O   o    |  Version : 4.4.1                                           |
|    o     o     |  ENGYS Ltd. <http://engys.com/>                            |
|       o        |                                                            |
\*---------------------------------------------------------------------------*/
Build  : 4.4.1-unknown
API    : 4.4.1
Arch   : "LSB;label=32;scalar=64"
Exec   : decomposePar
Date   : Jan 15 2026
Time   : 18:39:40
Host   : "tb133-VirtualBox"
PID    : 12397
I/O    : uncollated
Case   : /home/introcfd/Desktop/estudioAutomatizacionPerfiles/aleronTraseroV1
nProcs : 1
sigFpe : Enabling floating point exception trapping (HELYX_SIGFPE).
fileModificationChecking : Monitoring run-time modified files using timeStampMaster (fileModificationSkew 10)
allowSystemOperations : Allowing user-supplied system call operations

// * * * * * * * * * * * * * * * * * * * * * * * * * * * * * * * * * * * * * //
Create time



Decomposing mesh region0

Create mesh

Calculating distribution of cells
Selecting decompositionMethod hierarchical

Finished decomposition in 0.02 s

Calculating original mesh data

Distributing cells to processors

Distributing faces to processors

Distributing points to processors

Constructing processor meshes

Processor 0
    Number of cells = 12028
    Number of faces shared with processor 1 = 245
    Number of processor patches = 1
    Number of processor faces = 245
    Number of boundary faces = 24200

Processor 1
    Number of cells = 12028
    Number of faces shared with processor 0 = 245
    Number of faces shared with processor 2 = 188
    Number of processor patches = 2
    Number of processor faces = 433
    Number of boundary faces = 24152

Processor 2
    Number of cells = 12028
    Number of faces shared with processor 1 = 188
    Number of faces shared with processor 3 = 138
    Number of processor patches = 2
    Number of processor faces = 326
    Number of boundary faces = 24062

Processor 3
    Number of cells = 12029
    Number of faces shared with processor 2 = 138
    Number of processor patches = 1
    Number of processor faces = 138
    Number of boundary faces = 24130

Number of processor faces = 571
Max number of cells = 12029 (0.006235321015% above average 12028.25)
Max number of processor patches = 2 (33.33333333% above average 1.5)
Max number of faces between processors = 433 (51.66374781% above average 285.5)

Time = 0

Processor 0: field transfer
Processor 1: field transfer
Processor 2: field transfer
Processor 3: field transfer

End


--- INICIO COMANDO: decomposePar ---
